MPLINK 5.00, LINKER
Linker Map File - Created Thu May 17 02:58:22 2018

                                 Section Info
                  Section       Type    Address   Location Size(Bytes)
                ---------  ---------  ---------  ---------  ---------
               _entry_scn       code   0x000000    program   0x000006
                   .cinit    romdata   0x000006    program   0x000002
              high_vector       code   0x000008    program   0x000006
           .code___init.o       code   0x00000e    program   0x000002
      .idata_pw4setdc.o_i    romdata   0x000010    program   0x000000
      .romdata_pw3setdc.o    romdata   0x000010    program   0x000000
      .idata_pw3setdc.o_i    romdata   0x000010    program   0x000000
      .romdata_pw2setdc.o    romdata   0x000010    program   0x000000
      .idata_pw2setdc.o_i    romdata   0x000010    program   0x000000
      .romdata_pw1setdc.o    romdata   0x000010    program   0x000000
      .idata_pw1setdc.o_i    romdata   0x000010    program   0x000000
        .romdata_u2read.o    romdata   0x000010    program   0x000000
        .idata_u2read.o_i    romdata   0x000010    program   0x000000
        .romdata_u1read.o    romdata   0x000010    program   0x000000
        .idata_u1read.o_i    romdata   0x000010    program   0x000000
        .romdata_t2open.o    romdata   0x000010    program   0x000000
        .idata_t2open.o_i    romdata   0x000010    program   0x000000
        .romdata_t0open.o    romdata   0x000010    program   0x000000
        .idata_t0open.o_i    romdata   0x000010    program   0x000000
       .romdata_pw4open.o    romdata   0x000010    program   0x000000
       .idata_pw4open.o_i    romdata   0x000010    program   0x000000
       .romdata_pw3open.o    romdata   0x000010    program   0x000000
       .idata_pw3open.o_i    romdata   0x000010    program   0x000000
       .romdata_pw2open.o    romdata   0x000010    program   0x000000
       .idata_pw2open.o_i    romdata   0x000010    program   0x000000
        .romdata___init.o    romdata   0x000010    program   0x000000
        .idata___init.o_i    romdata   0x000010    program   0x000000
       .romdata_u2write.o    romdata   0x000010    program   0x000000
       .idata_u2write.o_i    romdata   0x000010    program   0x000000
       .romdata_u1write.o    romdata   0x000010    program   0x000000
       .idata_u1write.o_i    romdata   0x000010    program   0x000000
           .code_u2defs.o       code   0x000010    program   0x000000
        .romdata_u2defs.o    romdata   0x000010    program   0x000000
        .idata_u2defs.o_i    romdata   0x000010    program   0x000000
           .code_u1defs.o       code   0x000010    program   0x000000
        .romdata_u1defs.o    romdata   0x000010    program   0x000000
        .idata_u1defs.o_i    romdata   0x000010    program   0x000000
      .romdata_pw3setoc.o    romdata   0x000010    program   0x000000
      .idata_pw3setoc.o_i    romdata   0x000010    program   0x000000
      .romdata_pw2setoc.o    romdata   0x000010    program   0x000000
      .idata_pw2setoc.o_i    romdata   0x000010    program   0x000000
      .romdata_pw1setoc.o    romdata   0x000010    program   0x000000
      .idata_pw1setoc.o_i    romdata   0x000010    program   0x000000
      .romdata_pw5setdc.o    romdata   0x000010    program   0x000000
      .idata_pw5setdc.o_i    romdata   0x000010    program   0x000000
      .romdata_pw4setdc.o    romdata   0x000010    program   0x000000
 .romdata_analog_output.o    romdata   0x000010    program   0x000000
 .idata_analog_output.o_i    romdata   0x000010    program   0x000000
  .romdata_relay_output.o    romdata   0x000010    program   0x000000
  .idata_relay_output.o_i    romdata   0x000010    program   0x000000
.romdata_digital_output.o    romdata   0x000010    program   0x000000
.idata_digital_output.o_i    romdata   0x000010    program   0x000000
 .romdata_digital_input.o    romdata   0x000010    program   0x000000
 .idata_digital_input.o_i    romdata   0x000010    program   0x000000
 .romdata_terminal_comm.o    romdata   0x000010    program   0x000000
 .idata_terminal_comm.o_i    romdata   0x000010    program   0x000000
  .romdata_control_comm.o    romdata   0x000010    program   0x000000
  .idata_control_comm.o_i    romdata   0x000010    program   0x000000
          .romdata_main.o    romdata   0x000010    program   0x000000
          .idata_main.o_i    romdata   0x000010    program   0x000000
            .code_c018i.o       code   0x000010    program   0x000000
         .romdata_c018i.o    romdata   0x000010    program   0x000000
         .idata_c018i.o_i    romdata   0x000010    program   0x000000
.idata_process_control.o_i    romdata   0x000010    program   0x000000
       .romdata_pw1open.o    romdata   0x000010    program   0x000000
.romdata_process_control.o    romdata   0x000010    program   0x000000
       .idata_pw1open.o_i    romdata   0x000010    program   0x000000
           .idata_i2c.o_i    romdata   0x000010    program   0x000000
           .romdata_i2c.o    romdata   0x000010    program   0x000000
               low_vector       code   0x000018    program   0x0002da
             .code_main.o       code   0x0002f2    program   0x0033b6
  .code_process_control.o       code   0x0036a8    program   0x001c46
    .code_digital_input.o       code   0x0052ee    program   0x0007f2
     .code_control_comm.o       code   0x005ae0    program   0x000402
    .code_terminal_comm.o       code   0x005ee2    program   0x00023a
              .code_i2c.o       code   0x00611c    program   0x0001da
    .code_analog_output.o       code   0x0062f6    program   0x000136
         .code_pw2setoc.o       code   0x00642c    program   0x0000b4
         .code_pw1setoc.o       code   0x0064e0    program   0x0000aa
               _cinit_scn       code   0x00658a    program   0x00009e
         .code_pw3setoc.o       code   0x006628    program   0x00008e
          .code_pw2open.o       code   0x0066b6    program   0x00006a
         .code_pw5setdc.o       code   0x006720    program   0x00005e
         .code_pw4setdc.o       code   0x00677e    program   0x00005e
         .code_pw3setdc.o       code   0x0067dc    program   0x00005e
         .code_pw2setdc.o       code   0x00683a    program   0x00005e
         .code_pw1setdc.o       code   0x006898    program   0x00005e
          .code_pw1open.o       code   0x0068f6    program   0x000048
          .code_pw4open.o       code   0x00693e    program   0x000044
          .code_pw3open.o       code   0x006982    program   0x000042
           .code_u2read.o       code   0x0069c4    program   0x00003e
           .code_u1read.o       code   0x006a02    program   0x00003e
           .code_t0open.o       code   0x006a40    program   0x000038
           .code_t2open.o       code   0x006a78    program   0x000036
             D10KTCYXCODE       code   0x006aae    program   0x00002e
          .code_u2write.o       code   0x006adc    program   0x00002e
          .code_u1write.o       code   0x006b0a    program   0x00002e
     .code_relay_output.o       code   0x006b38    program   0x000026
                    .code       code   0x006b5e    program   0x000020
             _startup_scn       code   0x006b7e    program   0x00001c
             D100TCYXCODE       code   0x006b9a    program   0x00001c
   .code_digital_output.o       code   0x006bb6    program   0x00001a
              D10TCYXCODE       code   0x006bd0    program   0x000016
      .config_fff8_main.o    romdata   0x00fff8    program   0x000001
      .config_fff9_main.o    romdata   0x00fff9    program   0x000001
      .config_fffa_main.o    romdata   0x00fffa    program   0x000001
      .config_fffb_main.o    romdata   0x00fffb    program   0x000001
      .config_fffd_main.o    romdata   0x00fffd    program   0x000001
                MATH_DATA      udata   0x000000       data   0x000002
                 .tmpdata      udata   0x000002       data   0x000002
                DELAYDAT2      udata   0x000004       data   0x000001
                DELAYDAT1      udata   0x000005       data   0x000001
                char_vars      udata   0x000060       data   0x000065
               char_vars2      udata   0x0000c5       data   0x000027
           .udata_c018i.o      udata   0x0000ec       data   0x00000a
          .udata_u2defs.o      udata   0x0000f6       data   0x000001
          .udata_u1defs.o      udata   0x0000f7       data   0x000001
          .idata_u2read.o      idata   0x0000f8       data   0x000000
          .udata_u2read.o      udata   0x0000f8       data   0x000000
        .udata_pw1setdc.o      udata   0x0000f8       data   0x000000
          .idata_u1read.o      idata   0x0000f8       data   0x000000
          .udata_u1read.o      udata   0x0000f8       data   0x000000
        .idata_pw1setdc.o      idata   0x0000f8       data   0x000000
        .udata_pw2setdc.o      udata   0x0000f8       data   0x000000
        .idata_pw2setdc.o      idata   0x0000f8       data   0x000000
          .idata_t2open.o      idata   0x0000f8       data   0x000000
          .udata_t2open.o      udata   0x0000f8       data   0x000000
        .udata_pw3setdc.o      udata   0x0000f8       data   0x000000
        .idata_pw3setdc.o      idata   0x0000f8       data   0x000000
        .udata_pw4setdc.o      udata   0x0000f8       data   0x000000
        .idata_pw4setdc.o      idata   0x0000f8       data   0x000000
        .udata_pw5setdc.o      udata   0x0000f8       data   0x000000
        .idata_pw5setdc.o      idata   0x0000f8       data   0x000000
        .udata_pw1setoc.o      udata   0x0000f8       data   0x000000
        .idata_pw1setoc.o      idata   0x0000f8       data   0x000000
        .udata_pw2setoc.o      udata   0x0000f8       data   0x000000
        .idata_pw2setoc.o      idata   0x0000f8       data   0x000000
        .udata_pw3setoc.o      udata   0x0000f8       data   0x000000
        .idata_pw3setoc.o      idata   0x0000f8       data   0x000000
          .idata_u1defs.o      idata   0x0000f8       data   0x000000
          .idata_u2defs.o      idata   0x0000f8       data   0x000000
         .udata_u1write.o      udata   0x0000f8       data   0x000000
         .idata_u1write.o      idata   0x0000f8       data   0x000000
         .udata_u2write.o      udata   0x0000f8       data   0x000000
         .idata_u2write.o      idata   0x0000f8       data   0x000000
          .udata___init.o      udata   0x0000f8       data   0x000000
          .idata___init.o      idata   0x0000f8       data   0x000000
           .idata_c018i.o      idata   0x0000f8       data   0x000000
            .udata_main.o      udata   0x0000f8       data   0x000000
            .idata_main.o      idata   0x0000f8       data   0x000000
    .udata_control_comm.o      udata   0x0000f8       data   0x000000
    .idata_control_comm.o      idata   0x0000f8       data   0x000000
   .udata_terminal_comm.o      udata   0x0000f8       data   0x000000
   .idata_terminal_comm.o      idata   0x0000f8       data   0x000000
   .udata_digital_input.o      udata   0x0000f8       data   0x000000
   .idata_digital_input.o      idata   0x0000f8       data   0x000000
  .udata_digital_output.o      udata   0x0000f8       data   0x000000
  .idata_digital_output.o      idata   0x0000f8       data   0x000000
    .udata_relay_output.o      udata   0x0000f8       data   0x000000
    .idata_relay_output.o      idata   0x0000f8       data   0x000000
   .udata_analog_output.o      udata   0x0000f8       data   0x000000
   .idata_analog_output.o      idata   0x0000f8       data   0x000000
          .idata_t0open.o      idata   0x0000f8       data   0x000000
          .udata_t0open.o      udata   0x0000f8       data   0x000000
         .idata_pw4open.o      idata   0x0000f8       data   0x000000
         .udata_pw4open.o      udata   0x0000f8       data   0x000000
         .idata_pw3open.o      idata   0x0000f8       data   0x000000
         .udata_pw3open.o      udata   0x0000f8       data   0x000000
         .idata_pw2open.o      idata   0x0000f8       data   0x000000
         .udata_pw2open.o      udata   0x0000f8       data   0x000000
         .idata_pw1open.o      idata   0x0000f8       data   0x000000
         .udata_pw1open.o      udata   0x0000f8       data   0x000000
             .idata_i2c.o      idata   0x0000f8       data   0x000000
             .udata_i2c.o      udata   0x0000f8       data   0x000000
 .idata_process_control.o      idata   0x0000f8       data   0x000000
 .udata_process_control.o      udata   0x0000f8       data   0x000000
           doser_int_vars      udata   0x000100       data   0x0000e3
                   .stack      udata   0x000e00       data   0x000100
              SFR_BANKED0      udata   0x000f5a       data   0x000006
            SFR_UNBANKED0      udata   0x000f60       data   0x0000a0



                              Program Memory Usage 
                               Start         End      
                           ---------   ---------      
                            0x000000    0x00000f      
                            0x000018    0x006be5      
                            0x00fff8    0x00fffb      
                            0x00fffd    0x00fffd      
            27619 out of 65536 program addresses used, program memory utilization is 42%



                              Symbols - Sorted by Name
                     Name    Address   Location    Storage File                     
                ---------  ---------  ---------  --------- ---------                
         AnalogOutputInit   0x0062f6    program     extern C:\Users\eldar\Desktop\LINIJA 2 Mikser sirovine\fw\v1.04\CuC.X\analog_output.c
 CheckControlProcessTimer   0x0050f4    program     extern C:\Users\eldar\Desktop\LINIJA 2 Mikser sirovine\fw\v1.04\CuC.X\process_control.c
           CheckSysTimers   0x0003d0    program     extern C:\Users\eldar\Desktop\LINIJA 2 Mikser sirovine\fw\v1.04\CuC.X\main.c
              CommService   0x000e76    program     extern C:\Users\eldar\Desktop\LINIJA 2 Mikser sirovine\fw\v1.04\CuC.X\main.c
   ControlCommDataReceive   0x005c72    program     extern C:\Users\eldar\Desktop\LINIJA 2 Mikser sirovine\fw\v1.04\CuC.X\control_comm.c
      ControlCommDataSend   0x005b20    program     extern C:\Users\eldar\Desktop\LINIJA 2 Mikser sirovine\fw\v1.04\CuC.X\control_comm.c
          ControlCommInit   0x005ae0    program     extern C:\Users\eldar\Desktop\LINIJA 2 Mikser sirovine\fw\v1.04\CuC.X\control_comm.c
           ControlProcess   0x0036a8    program     extern C:\Users\eldar\Desktop\LINIJA 2 Mikser sirovine\fw\v1.04\CuC.X\process_control.c
             ControlReset   0x003a36    program     extern C:\Users\eldar\Desktop\LINIJA 2 Mikser sirovine\fw\v1.04\CuC.X\process_control.c
                   D100_1   0x006ba8    program     static E:\3.46\pic18-lt\cxx-framework\src\traditional\delays\d100tcyx.asm
                    D100x   0x006ba6    program     static E:\3.46\pic18-lt\cxx-framework\src\traditional\delays\d100tcyx.asm
                   D10K_1   0x006aba    program     static E:\3.46\pic18-lt\cxx-framework\src\traditional\delays\d10ktcyx.asm
                    D10Kl   0x006ac6    program     static E:\3.46\pic18-lt\cxx-framework\src\traditional\delays\d10ktcyx.asm
                    D10Kx   0x006ab8    program     static E:\3.46\pic18-lt\cxx-framework\src\traditional\delays\d10ktcyx.asm
                    D10_1   0x006be0    program     static E:\3.46\pic18-lt\cxx-framework\src\traditional\delays\d10tcyx.asm
                     D10x   0x006bd8    program     static E:\3.46\pic18-lt\cxx-framework\src\traditional\delays\d10tcyx.asm
             Delay100TCYx   0x006b9a    program     extern E:\3.46\pic18-lt\cxx-framework\src\traditional\delays\d100tcyx.asm
             Delay10KTCYx   0x006aae    program     extern E:\3.46\pic18-lt\cxx-framework\src\traditional\delays\d10ktcyx.asm
              Delay10TCYx   0x006bd0    program     extern E:\3.46\pic18-lt\cxx-framework\src\traditional\delays\d10tcyx.asm
         DigitalInputInit   0x0052ee    program     extern C:\Users\eldar\Desktop\LINIJA 2 Mikser sirovine\fw\v1.04\CuC.X\digital_input.c
        DigitalOutputInit   0x006bb6    program     extern C:\Users\eldar\Desktop\LINIJA 2 Mikser sirovine\fw\v1.04\CuC.X\digital_output.c
           DisplayService   0x002350    program     extern C:\Users\eldar\Desktop\LINIJA 2 Mikser sirovine\fw\v1.04\CuC.X\main.c
                I2C_Clock   0x006200    program     extern C:\Users\eldar\Desktop\LINIJA 2 Mikser sirovine\fw\v1.04\CuC.X\i2c.c
                I2C_Delay   0x0062d2    program     extern C:\Users\eldar\Desktop\LINIJA 2 Mikser sirovine\fw\v1.04\CuC.X\i2c.c
          I2C_EE_ReadByte   0x003370    program     extern C:\Users\eldar\Desktop\LINIJA 2 Mikser sirovine\fw\v1.04\CuC.X\main.c
           I2C_EE_ReadInt   0x003480    program     extern C:\Users\eldar\Desktop\LINIJA 2 Mikser sirovine\fw\v1.04\CuC.X\main.c
         I2C_EE_WriteByte   0x0034fa    program     extern C:\Users\eldar\Desktop\LINIJA 2 Mikser sirovine\fw\v1.04\CuC.X\main.c
          I2C_EE_WriteInt   0x003650    program     extern C:\Users\eldar\Desktop\LINIJA 2 Mikser sirovine\fw\v1.04\CuC.X\main.c
               I2C_GetAck   0x006264    program     extern C:\Users\eldar\Desktop\LINIJA 2 Mikser sirovine\fw\v1.04\CuC.X\i2c.c
              I2C_ReadBit   0x00621e    program     extern C:\Users\eldar\Desktop\LINIJA 2 Mikser sirovine\fw\v1.04\CuC.X\i2c.c
             I2C_ReadByte   0x00616c    program     extern C:\Users\eldar\Desktop\LINIJA 2 Mikser sirovine\fw\v1.04\CuC.X\i2c.c
              I2C_SendAck   0x00629e    program     extern C:\Users\eldar\Desktop\LINIJA 2 Mikser sirovine\fw\v1.04\CuC.X\i2c.c
           I2C_SendNotAck   0x0062b8    program     extern C:\Users\eldar\Desktop\LINIJA 2 Mikser sirovine\fw\v1.04\CuC.X\i2c.c
                I2C_Start   0x0061c8    program     extern C:\Users\eldar\Desktop\LINIJA 2 Mikser sirovine\fw\v1.04\CuC.X\i2c.c
                 I2C_Stop   0x0061f0    program     extern C:\Users\eldar\Desktop\LINIJA 2 Mikser sirovine\fw\v1.04\CuC.X\i2c.c
            I2C_WriteByte   0x00611c    program     extern C:\Users\eldar\Desktop\LINIJA 2 Mikser sirovine\fw\v1.04\CuC.X\i2c.c
               IO_Service   0x000510    program     extern C:\Users\eldar\Desktop\LINIJA 2 Mikser sirovine\fw\v1.04\CuC.X\main.c
                  InitRAM   0x000342    program     extern C:\Users\eldar\Desktop\LINIJA 2 Mikser sirovine\fw\v1.04\CuC.X\main.c
                  InitSYS   0x0002f2    program     extern C:\Users\eldar\Desktop\LINIJA 2 Mikser sirovine\fw\v1.04\CuC.X\main.c
               IntToChars   0x0032ac    program     extern C:\Users\eldar\Desktop\LINIJA 2 Mikser sirovine\fw\v1.04\CuC.X\main.c
              LoadProgram   0x002d7a    program     extern C:\Users\eldar\Desktop\LINIJA 2 Mikser sirovine\fw\v1.04\CuC.X\main.c
       LoadSystemVariable   0x002fb6    program     extern C:\Users\eldar\Desktop\LINIJA 2 Mikser sirovine\fw\v1.04\CuC.X\main.c
                 OpenPWM1   0x0068f6    program     extern E:\3.46\pic18-lt\cxx-framework\src\pmc_common\PWM\pw1open.c
         OpenPWM1ConfigIO   0x00693a    program     extern E:\3.46\pic18-lt\cxx-framework\src\pmc_common\PWM\pw1open.c
                 OpenPWM2   0x0066b6    program     extern E:\3.46\pic18-lt\cxx-framework\src\pmc_common\PWM\pw2open.c
                 OpenPWM3   0x006982    program     extern E:\3.46\pic18-lt\cxx-framework\src\pmc_common\PWM\pw3open.c
                 OpenPWM4   0x00693e    program     extern E:\3.46\pic18-lt\cxx-framework\src\pmc_common\PWM\pw4open.c
               OpenTimer0   0x006a40    program     extern E:\3.46\pic18-lt\cxx-framework\src\pmc_common\Timers\t0open.c
               OpenTimer2   0x006a78    program     extern E:\3.46\pic18-lt\cxx-framework\src\pmc_common\Timers\t2open.c
            ProcessDoser1   0x004242    program     extern C:\Users\eldar\Desktop\LINIJA 2 Mikser sirovine\fw\v1.04\CuC.X\process_control.c
            ProcessDoser2   0x0043c0    program     extern C:\Users\eldar\Desktop\LINIJA 2 Mikser sirovine\fw\v1.04\CuC.X\process_control.c
            ProcessDoser3   0x00453e    program     extern C:\Users\eldar\Desktop\LINIJA 2 Mikser sirovine\fw\v1.04\CuC.X\process_control.c
            ProcessDoser4   0x0046bc    program     extern C:\Users\eldar\Desktop\LINIJA 2 Mikser sirovine\fw\v1.04\CuC.X\process_control.c
           ProcessFeeder1   0x003b02    program     extern C:\Users\eldar\Desktop\LINIJA 2 Mikser sirovine\fw\v1.04\CuC.X\process_control.c
           ProcessFeeder2   0x003cd0    program     extern C:\Users\eldar\Desktop\LINIJA 2 Mikser sirovine\fw\v1.04\CuC.X\process_control.c
           ProcessFeeder3   0x003e9e    program     extern C:\Users\eldar\Desktop\LINIJA 2 Mikser sirovine\fw\v1.04\CuC.X\process_control.c
           ProcessFeeder4   0x004070    program     extern C:\Users\eldar\Desktop\LINIJA 2 Mikser sirovine\fw\v1.04\CuC.X\process_control.c
             ProcessMixer   0x00484a    program     extern C:\Users\eldar\Desktop\LINIJA 2 Mikser sirovine\fw\v1.04\CuC.X\process_control.c
           ProcessService   0x00180c    program     extern C:\Users\eldar\Desktop\LINIJA 2 Mikser sirovine\fw\v1.04\CuC.X\main.c
        ProcessVacumPump1   0x004b5a    program     extern C:\Users\eldar\Desktop\LINIJA 2 Mikser sirovine\fw\v1.04\CuC.X\process_control.c
        ProcessVacumPump2   0x004d90    program     extern C:\Users\eldar\Desktop\LINIJA 2 Mikser sirovine\fw\v1.04\CuC.X\process_control.c
        ProcessVacumPump3   0x004f42    program     extern C:\Users\eldar\Desktop\LINIJA 2 Mikser sirovine\fw\v1.04\CuC.X\process_control.c
               Read1USART   0x006a02    program     extern E:\3.46\pic18-lt\cxx-framework\src\pmc_common\USART\u1read.c
               Read2USART   0x0069c4    program     extern E:\3.46\pic18-lt\cxx-framework\src\pmc_common\USART\u2read.c
         ReadDigitalInput   0x00530a    program     extern C:\Users\eldar\Desktop\LINIJA 2 Mikser sirovine\fw\v1.04\CuC.X\digital_input.c
          RelayOutputInit   0x006b38    program     extern C:\Users\eldar\Desktop\LINIJA 2 Mikser sirovine\fw\v1.04\CuC.X\relay_output.c
              SaveProgram   0x002e98    program     extern C:\Users\eldar\Desktop\LINIJA 2 Mikser sirovine\fw\v1.04\CuC.X\main.c
       SaveSystemVariable   0x003112    program     extern C:\Users\eldar\Desktop\LINIJA 2 Mikser sirovine\fw\v1.04\CuC.X\main.c
                SetDCPWM1   0x006898    program     extern E:\3.46\pic18-lt\cxx-framework\src\pmc_common\PWM\pw1setdc.c
                SetDCPWM2   0x00683a    program     extern E:\3.46\pic18-lt\cxx-framework\src\pmc_common\PWM\pw2setdc.c
                SetDCPWM3   0x0067dc    program     extern E:\3.46\pic18-lt\cxx-framework\src\pmc_common\PWM\pw3setdc.c
                SetDCPWM4   0x00677e    program     extern E:\3.46\pic18-lt\cxx-framework\src\pmc_common\PWM\pw4setdc.c
                SetDCPWM5   0x006720    program     extern E:\3.46\pic18-lt\cxx-framework\src\pmc_common\PWM\pw5setdc.c
            SetOutputPWM1   0x0064e0    program     extern E:\3.46\pic18-lt\cxx-framework\src\pmc_common\PWM\pw1setoc.c
            SetOutputPWM2   0x00642c    program     extern E:\3.46\pic18-lt\cxx-framework\src\pmc_common\PWM\pw2setoc.c
            SetOutputPWM3   0x006628    program     extern E:\3.46\pic18-lt\cxx-framework\src\pmc_common\PWM\pw3setoc.c
            SignalService   0x00183e    program     extern C:\Users\eldar\Desktop\LINIJA 2 Mikser sirovine\fw\v1.04\CuC.X\main.c
               SysService   0x000ebe    program     extern C:\Users\eldar\Desktop\LINIJA 2 Mikser sirovine\fw\v1.04\CuC.X\main.c
  TerminalCommDataReceive   0x005f68    program     extern C:\Users\eldar\Desktop\LINIJA 2 Mikser sirovine\fw\v1.04\CuC.X\terminal_comm.c
     TerminalCommDataSend   0x005f0e    program     extern C:\Users\eldar\Desktop\LINIJA 2 Mikser sirovine\fw\v1.04\CuC.X\terminal_comm.c
         TerminalCommInit   0x005ee2    program     extern C:\Users\eldar\Desktop\LINIJA 2 Mikser sirovine\fw\v1.04\CuC.X\terminal_comm.c
              Write1USART   0x006b0a    program     extern E:\3.46\pic18-lt\cxx-framework\src\pmc_common\USART\u1write.c
              Write2USART   0x006adc    program     extern E:\3.46\pic18-lt\cxx-framework\src\pmc_common\USART\u2write.c
        WriteAnalogOutput   0x00638a    program     extern C:\Users\eldar\Desktop\LINIJA 2 Mikser sirovine\fw\v1.04\CuC.X\analog_output.c
       WriteDigitalOutput   0x006bc0    program     extern C:\Users\eldar\Desktop\LINIJA 2 Mikser sirovine\fw\v1.04\CuC.X\digital_output.c
         WriteRelayOutput   0x006b46    program     extern C:\Users\eldar\Desktop\LINIJA 2 Mikser sirovine\fw\v1.04\CuC.X\relay_output.c
       _D100TCYXCODE_0008   0x006ba2    program     static E:\3.46\pic18-lt\cxx-framework\src\traditional\delays\d100tcyx.asm
       _D100TCYXCODE_0012   0x006bac    program     static E:\3.46\pic18-lt\cxx-framework\src\traditional\delays\d100tcyx.asm
       _D100TCYXCODE_0018   0x006bb2    program     static E:\3.46\pic18-lt\cxx-framework\src\traditional\delays\d100tcyx.asm
       _D10KTCYXCODE_0010   0x006abe    program     static E:\3.46\pic18-lt\cxx-framework\src\traditional\delays\d10ktcyx.asm
       _D10KTCYXCODE_001C   0x006aca    program     static E:\3.46\pic18-lt\cxx-framework\src\traditional\delays\d10ktcyx.asm
        _D10TCYXCODE_000A   0x006bda    program     static E:\3.46\pic18-lt\cxx-framework\src\traditional\delays\d10tcyx.asm
        _D10TCYXCODE_000C   0x006bdc    program     static E:\3.46\pic18-lt\cxx-framework\src\traditional\delays\d10tcyx.asm
        _D10TCYXCODE_000E   0x006bde    program     static E:\3.46\pic18-lt\cxx-framework\src\traditional\delays\d10tcyx.asm
         ___else_lbl00002   0x006482    program     static                          
         ___else_lbl00002   0x0066f2    program     static                          
         ___else_lbl00004   0x006684    program     static                          
         ___else_lbl00004   0x006558    program     static                          
         ___else_lbl00004   0x006498    program     static                          
         ___else_lbl00006   0x006676    program     static                          
         ___else_lbl00006   0x00654a    program     static                          
         ___else_lbl00007   0x0064b8    program     static                          
         ___else_lbl00010   0x00649e    program     static                          
         ___else_lbl00012   0x006486    program     static                          
           ___if_lbl00001   0x006484    program     static                          
           ___if_lbl00001   0x0066f6    program     static                          
           ___if_lbl00002   0x006570    program     static                          
           ___if_lbl00002   0x00669c    program     static                          
           ___if_lbl00003   0x006570    program     static                          
           ___if_lbl00003   0x00649a    program     static                          
           ___if_lbl00003   0x00669c    program     static                          
           ___if_lbl00005   0x006570    program     static                          
           ___if_lbl00005   0x00669c    program     static                          
           ___if_lbl00006   0x0064ba    program     static                          
           ___if_lbl00008   0x0064c0    program     static                          
           ___if_lbl00009   0x0064c0    program     static                          
           ___if_lbl00011   0x0064c0    program     static                          
       ___return_lbl00000   0x0064c8    program     static                          
       ___return_lbl00000   0x006708    program     static                          
       ___return_lbl00000   0x0066a4    program     static                          
       ___return_lbl00000   0x000004    program     static                          
       ___return_lbl00000   0x006578    program     static                          
       ___return_lbl00000   0x00000c    program     static                          
       ___return_lbl00001   0x006b98    program     static                          
       ___return_lbl00001   0x00001c    program     static                          
       ___return_lbl00002   0x006626    program     static                          
       ___return_lbl00020   0x0062ee    program     static                          
        ___while_lbl00021   0x0062da    program     static                          
        ___while_lbl00022   0x0062ee    program     static                          
               __config_0   0x00fff8    program     static C:\Users\eldar\Desktop\LINIJA 2 Mikser sirovine\fw\v1.04\CuC.X\main.c
               __config_1   0x00fff9    program     static C:\Users\eldar\Desktop\LINIJA 2 Mikser sirovine\fw\v1.04\CuC.X\main.c
               __config_2   0x00fffa    program     static C:\Users\eldar\Desktop\LINIJA 2 Mikser sirovine\fw\v1.04\CuC.X\main.c
               __config_3   0x00fffb    program     static C:\Users\eldar\Desktop\LINIJA 2 Mikser sirovine\fw\v1.04\CuC.X\main.c
               __config_4   0x00fffd    program     static C:\Users\eldar\Desktop\LINIJA 2 Mikser sirovine\fw\v1.04\CuC.X\main.c
                   __init   0x00000e    program     extern E:\3.46\pic18-lt\cxx-framework\src\traditional\stdclib\__init.c
               __tmplbl_0   0x006568    program     static                          
               __tmplbl_0   0x006694    program     static                          
               __tmplbl_0   0x0064ae    program     static                          
               __tmplbl_1   0x006560    program     static                          
               __tmplbl_1   0x0064a6    program     static                          
               __tmplbl_1   0x00668c    program     static                          
            __zero_memory   0x006b5e    program     extern E:\3.46\pic18-lt\cxx-framework\src\traditional\proc\p18f66j11.asm
                _do_cinit   0x00658a    program     extern E:\3.46\pic18-lt\cxx-framework\src\traditional\startup\c018i.c
                   _entry   0x000000    program     extern E:\3.46\pic18-lt\cxx-framework\src\traditional\startup\c018i.c
                 _startup   0x006b7e    program     extern E:\3.46\pic18-lt\cxx-framework\src\traditional\startup\c018i.c
                compare_l   0x006b74    program     static E:\3.46\pic18-lt\cxx-framework\src\traditional\proc\p18f66j11.asm
                copy_loop   0x0065fc    program     static                          
            copy_one_byte   0x006602    program     static                          
                     done   0x006626    program     static                          
             done_copying   0x006610    program     static                          
                 high_isr   0x00001e    program     extern C:\Users\eldar\Desktop\LINIJA 2 Mikser sirovine\fw\v1.04\CuC.X\main.c
 interrupt_at_high_vector   0x000008    program     extern C:\Users\eldar\Desktop\LINIJA 2 Mikser sirovine\fw\v1.04\CuC.X\main.c
  interrupt_at_low_vector   0x000018    program     extern C:\Users\eldar\Desktop\LINIJA 2 Mikser sirovine\fw\v1.04\CuC.X\main.c
                     loop   0x006b8e    program     static                          
                   loop_h   0x006b6c    program     static E:\3.46\pic18-lt\cxx-framework\src\traditional\proc\p18f66j11.asm
                   loop_l   0x006b76    program     static E:\3.46\pic18-lt\cxx-framework\src\traditional\proc\p18f66j11.asm
                  low_isr   0x000252    program     extern C:\Users\eldar\Desktop\LINIJA 2 Mikser sirovine\fw\v1.04\CuC.X\main.c
                     main   0x0003b0    program     extern C:\Users\eldar\Desktop\LINIJA 2 Mikser sirovine\fw\v1.04\CuC.X\main.c
                     test   0x0065a4    program     static                          
               zero_block   0x006b6c    program     static E:\3.46\pic18-lt\cxx-framework\src\traditional\proc\p18f66j11.asm
                   ADCON0   0x000fc2       data     extern E:\3.46\pic18-lt\cxx-framework\src\traditional\proc\p18f66j11.asm
               ADCON0bits   0x000fc2       data     extern E:\3.46\pic18-lt\cxx-framework\src\traditional\proc\p18f66j11.asm
                   ADCON1   0x000fc1       data     extern E:\3.46\pic18-lt\cxx-framework\src\traditional\proc\p18f66j11.asm
               ADCON1bits   0x000fc1       data     extern E:\3.46\pic18-lt\cxx-framework\src\traditional\proc\p18f66j11.asm
                    ADRES   0x000fc3       data     extern E:\3.46\pic18-lt\cxx-framework\src\traditional\proc\p18f66j11.asm
                   ADRESH   0x000fc4       data     extern E:\3.46\pic18-lt\cxx-framework\src\traditional\proc\p18f66j11.asm
                   ADRESL   0x000fc3       data     extern E:\3.46\pic18-lt\cxx-framework\src\traditional\proc\p18f66j11.asm
                   ANCON0   0x000fc1       data     extern E:\3.46\pic18-lt\cxx-framework\src\traditional\proc\p18f66j11.asm
               ANCON0bits   0x000fc1       data     extern E:\3.46\pic18-lt\cxx-framework\src\traditional\proc\p18f66j11.asm
                   ANCON1   0x000fc2       data     extern E:\3.46\pic18-lt\cxx-framework\src\traditional\proc\p18f66j11.asm
               ANCON1bits   0x000fc2       data     extern E:\3.46\pic18-lt\cxx-framework\src\traditional\proc\p18f66j11.asm
                  BAUDCON   0x000f7e       data     extern E:\3.46\pic18-lt\cxx-framework\src\traditional\proc\p18f66j11.asm
                 BAUDCON1   0x000f7e       data     extern E:\3.46\pic18-lt\cxx-framework\src\traditional\proc\p18f66j11.asm
             BAUDCON1bits   0x000f7e       data     extern E:\3.46\pic18-lt\cxx-framework\src\traditional\proc\p18f66j11.asm
                 BAUDCON2   0x000f7c       data     extern E:\3.46\pic18-lt\cxx-framework\src\traditional\proc\p18f66j11.asm
             BAUDCON2bits   0x000f7c       data     extern E:\3.46\pic18-lt\cxx-framework\src\traditional\proc\p18f66j11.asm
              BAUDCONbits   0x000f7e       data     extern E:\3.46\pic18-lt\cxx-framework\src\traditional\proc\p18f66j11.asm
                      BSR   0x000fe0       data     extern E:\3.46\pic18-lt\cxx-framework\src\traditional\proc\p18f66j11.asm
                  CCP1CON   0x000fbb       data     extern E:\3.46\pic18-lt\cxx-framework\src\traditional\proc\p18f66j11.asm
              CCP1CONbits   0x000fbb       data     extern E:\3.46\pic18-lt\cxx-framework\src\traditional\proc\p18f66j11.asm
                  CCP2CON   0x000fb6       data     extern E:\3.46\pic18-lt\cxx-framework\src\traditional\proc\p18f66j11.asm
              CCP2CONbits   0x000fb6       data     extern E:\3.46\pic18-lt\cxx-framework\src\traditional\proc\p18f66j11.asm
                  CCP3CON   0x000fb1       data     extern E:\3.46\pic18-lt\cxx-framework\src\traditional\proc\p18f66j11.asm
              CCP3CONbits   0x000fb1       data     extern E:\3.46\pic18-lt\cxx-framework\src\traditional\proc\p18f66j11.asm
                  CCP4CON   0x000f73       data     extern E:\3.46\pic18-lt\cxx-framework\src\traditional\proc\p18f66j11.asm
              CCP4CONbits   0x000f73       data     extern E:\3.46\pic18-lt\cxx-framework\src\traditional\proc\p18f66j11.asm
                  CCP5CON   0x000f70       data     extern E:\3.46\pic18-lt\cxx-framework\src\traditional\proc\p18f66j11.asm
              CCP5CONbits   0x000f70       data     extern E:\3.46\pic18-lt\cxx-framework\src\traditional\proc\p18f66j11.asm
                    CCPR1   0x000fbc       data     extern E:\3.46\pic18-lt\cxx-framework\src\traditional\proc\p18f66j11.asm
                   CCPR1H   0x000fbd       data     extern E:\3.46\pic18-lt\cxx-framework\src\traditional\proc\p18f66j11.asm
                   CCPR1L   0x000fbc       data     extern E:\3.46\pic18-lt\cxx-framework\src\traditional\proc\p18f66j11.asm
                    CCPR2   0x000fb7       data     extern E:\3.46\pic18-lt\cxx-framework\src\traditional\proc\p18f66j11.asm
                   CCPR2H   0x000fb8       data     extern E:\3.46\pic18-lt\cxx-framework\src\traditional\proc\p18f66j11.asm
                   CCPR2L   0x000fb7       data     extern E:\3.46\pic18-lt\cxx-framework\src\traditional\proc\p18f66j11.asm
                    CCPR3   0x000fb2       data     extern E:\3.46\pic18-lt\cxx-framework\src\traditional\proc\p18f66j11.asm
                   CCPR3H   0x000fb3       data     extern E:\3.46\pic18-lt\cxx-framework\src\traditional\proc\p18f66j11.asm
                   CCPR3L   0x000fb2       data     extern E:\3.46\pic18-lt\cxx-framework\src\traditional\proc\p18f66j11.asm
                    CCPR4   0x000f74       data     extern E:\3.46\pic18-lt\cxx-framework\src\traditional\proc\p18f66j11.asm
                   CCPR4H   0x000f75       data     extern E:\3.46\pic18-lt\cxx-framework\src\traditional\proc\p18f66j11.asm
                   CCPR4L   0x000f74       data     extern E:\3.46\pic18-lt\cxx-framework\src\traditional\proc\p18f66j11.asm
                    CCPR5   0x000f71       data     extern E:\3.46\pic18-lt\cxx-framework\src\traditional\proc\p18f66j11.asm
                   CCPR5H   0x000f72       data     extern E:\3.46\pic18-lt\cxx-framework\src\traditional\proc\p18f66j11.asm
                   CCPR5L   0x000f71       data     extern E:\3.46\pic18-lt\cxx-framework\src\traditional\proc\p18f66j11.asm
                   CM1CON   0x000fd2       data     extern E:\3.46\pic18-lt\cxx-framework\src\traditional\proc\p18f66j11.asm
                  CM1CON1   0x000fd2       data     extern E:\3.46\pic18-lt\cxx-framework\src\traditional\proc\p18f66j11.asm
              CM1CON1bits   0x000fd2       data     extern E:\3.46\pic18-lt\cxx-framework\src\traditional\proc\p18f66j11.asm
               CM1CONbits   0x000fd2       data     extern E:\3.46\pic18-lt\cxx-framework\src\traditional\proc\p18f66j11.asm
                   CM2CON   0x000fd1       data     extern E:\3.46\pic18-lt\cxx-framework\src\traditional\proc\p18f66j11.asm
                  CM2CON1   0x000fd1       data     extern E:\3.46\pic18-lt\cxx-framework\src\traditional\proc\p18f66j11.asm
              CM2CON1bits   0x000fd1       data     extern E:\3.46\pic18-lt\cxx-framework\src\traditional\proc\p18f66j11.asm
               CM2CONbits   0x000fd1       data     extern E:\3.46\pic18-lt\cxx-framework\src\traditional\proc\p18f66j11.asm
                   CMSTAT   0x000f6a       data     extern E:\3.46\pic18-lt\cxx-framework\src\traditional\proc\p18f66j11.asm
                 CMSTATUS   0x000f6a       data     extern E:\3.46\pic18-lt\cxx-framework\src\traditional\proc\p18f66j11.asm
             CMSTATUSbits   0x000f6a       data     extern E:\3.46\pic18-lt\cxx-framework\src\traditional\proc\p18f66j11.asm
               CMSTATbits   0x000f6a       data     extern E:\3.46\pic18-lt\cxx-framework\src\traditional\proc\p18f66j11.asm
                   CVRCON   0x000f77       data     extern E:\3.46\pic18-lt\cxx-framework\src\traditional\proc\p18f66j11.asm
               CVRCONbits   0x000f77       data     extern E:\3.46\pic18-lt\cxx-framework\src\traditional\proc\p18f66j11.asm
                     DDRA   0x000f92       data     extern E:\3.46\pic18-lt\cxx-framework\src\traditional\proc\p18f66j11.asm
                 DDRAbits   0x000f92       data     extern E:\3.46\pic18-lt\cxx-framework\src\traditional\proc\p18f66j11.asm
                     DDRB   0x000f93       data     extern E:\3.46\pic18-lt\cxx-framework\src\traditional\proc\p18f66j11.asm
                 DDRBbits   0x000f93       data     extern E:\3.46\pic18-lt\cxx-framework\src\traditional\proc\p18f66j11.asm
                     DDRC   0x000f94       data     extern E:\3.46\pic18-lt\cxx-framework\src\traditional\proc\p18f66j11.asm
                 DDRCbits   0x000f94       data     extern E:\3.46\pic18-lt\cxx-framework\src\traditional\proc\p18f66j11.asm
                     DDRD   0x000f95       data     extern E:\3.46\pic18-lt\cxx-framework\src\traditional\proc\p18f66j11.asm
                 DDRDbits   0x000f95       data     extern E:\3.46\pic18-lt\cxx-framework\src\traditional\proc\p18f66j11.asm
                     DDRE   0x000f96       data     extern E:\3.46\pic18-lt\cxx-framework\src\traditional\proc\p18f66j11.asm
                 DDREbits   0x000f96       data     extern E:\3.46\pic18-lt\cxx-framework\src\traditional\proc\p18f66j11.asm
                     DDRF   0x000f97       data     extern E:\3.46\pic18-lt\cxx-framework\src\traditional\proc\p18f66j11.asm
                 DDRFbits   0x000f97       data     extern E:\3.46\pic18-lt\cxx-framework\src\traditional\proc\p18f66j11.asm
                     DDRG   0x000f98       data     extern E:\3.46\pic18-lt\cxx-framework\src\traditional\proc\p18f66j11.asm
                 DDRGbits   0x000f98       data     extern E:\3.46\pic18-lt\cxx-framework\src\traditional\proc\p18f66j11.asm
            DelayCounter1   0x000005       data     extern E:\3.46\pic18-lt\cxx-framework\src\traditional\delays\delayd1.asm
            DelayCounter2   0x000004       data     extern E:\3.46\pic18-lt\cxx-framework\src\traditional\delays\delayd2.asm
                  ECCP1AS   0x000fbf       data     extern E:\3.46\pic18-lt\cxx-framework\src\traditional\proc\p18f66j11.asm
              ECCP1ASbits   0x000fbf       data     extern E:\3.46\pic18-lt\cxx-framework\src\traditional\proc\p18f66j11.asm
                 ECCP1CON   0x000fbb       data     extern E:\3.46\pic18-lt\cxx-framework\src\traditional\proc\p18f66j11.asm
             ECCP1CONbits   0x000fbb       data     extern E:\3.46\pic18-lt\cxx-framework\src\traditional\proc\p18f66j11.asm
                 ECCP1DEL   0x000fbe       data     extern E:\3.46\pic18-lt\cxx-framework\src\traditional\proc\p18f66j11.asm
             ECCP1DELbits   0x000fbe       data     extern E:\3.46\pic18-lt\cxx-framework\src\traditional\proc\p18f66j11.asm
                  ECCP2AS   0x000fba       data     extern E:\3.46\pic18-lt\cxx-framework\src\traditional\proc\p18f66j11.asm
              ECCP2ASbits   0x000fba       data     extern E:\3.46\pic18-lt\cxx-framework\src\traditional\proc\p18f66j11.asm
                 ECCP2CON   0x000fb6       data     extern E:\3.46\pic18-lt\cxx-framework\src\traditional\proc\p18f66j11.asm
             ECCP2CONbits   0x000fb6       data     extern E:\3.46\pic18-lt\cxx-framework\src\traditional\proc\p18f66j11.asm
                 ECCP2DEL   0x000fb9       data     extern E:\3.46\pic18-lt\cxx-framework\src\traditional\proc\p18f66j11.asm
             ECCP2DELbits   0x000fb9       data     extern E:\3.46\pic18-lt\cxx-framework\src\traditional\proc\p18f66j11.asm
                  ECCP3AS   0x000fb5       data     extern E:\3.46\pic18-lt\cxx-framework\src\traditional\proc\p18f66j11.asm
              ECCP3ASbits   0x000fb5       data     extern E:\3.46\pic18-lt\cxx-framework\src\traditional\proc\p18f66j11.asm
                 ECCP3CON   0x000fb1       data     extern E:\3.46\pic18-lt\cxx-framework\src\traditional\proc\p18f66j11.asm
             ECCP3CONbits   0x000fb1       data     extern E:\3.46\pic18-lt\cxx-framework\src\traditional\proc\p18f66j11.asm
                 ECCP3DEL   0x000fb4       data     extern E:\3.46\pic18-lt\cxx-framework\src\traditional\proc\p18f66j11.asm
             ECCP3DELbits   0x000fb4       data     extern E:\3.46\pic18-lt\cxx-framework\src\traditional\proc\p18f66j11.asm
                   EECON1   0x000fa6       data     extern E:\3.46\pic18-lt\cxx-framework\src\traditional\proc\p18f66j11.asm
               EECON1bits   0x000fa6       data     extern E:\3.46\pic18-lt\cxx-framework\src\traditional\proc\p18f66j11.asm
                   EECON2   0x000fa7       data     extern E:\3.46\pic18-lt\cxx-framework\src\traditional\proc\p18f66j11.asm
                     FSR0   0x000fe9       data     extern E:\3.46\pic18-lt\cxx-framework\src\traditional\proc\p18f66j11.asm
                    FSR0H   0x000fea       data     extern E:\3.46\pic18-lt\cxx-framework\src\traditional\proc\p18f66j11.asm
                    FSR0L   0x000fe9       data     extern E:\3.46\pic18-lt\cxx-framework\src\traditional\proc\p18f66j11.asm
                     FSR1   0x000fe1       data     extern E:\3.46\pic18-lt\cxx-framework\src\traditional\proc\p18f66j11.asm
                    FSR1H   0x000fe2       data     extern E:\3.46\pic18-lt\cxx-framework\src\traditional\proc\p18f66j11.asm
                    FSR1L   0x000fe1       data     extern E:\3.46\pic18-lt\cxx-framework\src\traditional\proc\p18f66j11.asm
                     FSR2   0x000fd9       data     extern E:\3.46\pic18-lt\cxx-framework\src\traditional\proc\p18f66j11.asm
                    FSR2H   0x000fda       data     extern E:\3.46\pic18-lt\cxx-framework\src\traditional\proc\p18f66j11.asm
                    FSR2L   0x000fd9       data     extern E:\3.46\pic18-lt\cxx-framework\src\traditional\proc\p18f66j11.asm
                    INDF0   0x000fef       data     extern E:\3.46\pic18-lt\cxx-framework\src\traditional\proc\p18f66j11.asm
                    INDF1   0x000fe7       data     extern E:\3.46\pic18-lt\cxx-framework\src\traditional\proc\p18f66j11.asm
                    INDF2   0x000fdf       data     extern E:\3.46\pic18-lt\cxx-framework\src\traditional\proc\p18f66j11.asm
                   INTCON   0x000ff2       data     extern E:\3.46\pic18-lt\cxx-framework\src\traditional\proc\p18f66j11.asm
                  INTCON2   0x000ff1       data     extern E:\3.46\pic18-lt\cxx-framework\src\traditional\proc\p18f66j11.asm
              INTCON2bits   0x000ff1       data     extern E:\3.46\pic18-lt\cxx-framework\src\traditional\proc\p18f66j11.asm
                  INTCON3   0x000ff0       data     extern E:\3.46\pic18-lt\cxx-framework\src\traditional\proc\p18f66j11.asm
              INTCON3bits   0x000ff0       data     extern E:\3.46\pic18-lt\cxx-framework\src\traditional\proc\p18f66j11.asm
               INTCONbits   0x000ff2       data     extern E:\3.46\pic18-lt\cxx-framework\src\traditional\proc\p18f66j11.asm
                     IPR1   0x000f9f       data     extern E:\3.46\pic18-lt\cxx-framework\src\traditional\proc\p18f66j11.asm
                 IPR1bits   0x000f9f       data     extern E:\3.46\pic18-lt\cxx-framework\src\traditional\proc\p18f66j11.asm
                     IPR2   0x000fa2       data     extern E:\3.46\pic18-lt\cxx-framework\src\traditional\proc\p18f66j11.asm
                 IPR2bits   0x000fa2       data     extern E:\3.46\pic18-lt\cxx-framework\src\traditional\proc\p18f66j11.asm
                     IPR3   0x000fa5       data     extern E:\3.46\pic18-lt\cxx-framework\src\traditional\proc\p18f66j11.asm
                 IPR3bits   0x000fa5       data     extern E:\3.46\pic18-lt\cxx-framework\src\traditional\proc\p18f66j11.asm
                     LATA   0x000f89       data     extern E:\3.46\pic18-lt\cxx-framework\src\traditional\proc\p18f66j11.asm
                 LATAbits   0x000f89       data     extern E:\3.46\pic18-lt\cxx-framework\src\traditional\proc\p18f66j11.asm
                     LATB   0x000f8a       data     extern E:\3.46\pic18-lt\cxx-framework\src\traditional\proc\p18f66j11.asm
                 LATBbits   0x000f8a       data     extern E:\3.46\pic18-lt\cxx-framework\src\traditional\proc\p18f66j11.asm
                     LATC   0x000f8b       data     extern E:\3.46\pic18-lt\cxx-framework\src\traditional\proc\p18f66j11.asm
                 LATCbits   0x000f8b       data     extern E:\3.46\pic18-lt\cxx-framework\src\traditional\proc\p18f66j11.asm
                     LATD   0x000f8c       data     extern E:\3.46\pic18-lt\cxx-framework\src\traditional\proc\p18f66j11.asm
                 LATDbits   0x000f8c       data     extern E:\3.46\pic18-lt\cxx-framework\src\traditional\proc\p18f66j11.asm
                     LATE   0x000f8d       data     extern E:\3.46\pic18-lt\cxx-framework\src\traditional\proc\p18f66j11.asm
                 LATEbits   0x000f8d       data     extern E:\3.46\pic18-lt\cxx-framework\src\traditional\proc\p18f66j11.asm
                     LATF   0x000f8e       data     extern E:\3.46\pic18-lt\cxx-framework\src\traditional\proc\p18f66j11.asm
                 LATFbits   0x000f8e       data     extern E:\3.46\pic18-lt\cxx-framework\src\traditional\proc\p18f66j11.asm
                     LATG   0x000f8f       data     extern E:\3.46\pic18-lt\cxx-framework\src\traditional\proc\p18f66j11.asm
                 LATGbits   0x000f8f       data     extern E:\3.46\pic18-lt\cxx-framework\src\traditional\proc\p18f66j11.asm
                   ODCON1   0x000fcf       data     extern E:\3.46\pic18-lt\cxx-framework\src\traditional\proc\p18f66j11.asm
               ODCON1bits   0x000fcf       data     extern E:\3.46\pic18-lt\cxx-framework\src\traditional\proc\p18f66j11.asm
                   ODCON2   0x000fce       data     extern E:\3.46\pic18-lt\cxx-framework\src\traditional\proc\p18f66j11.asm
               ODCON2bits   0x000fce       data     extern E:\3.46\pic18-lt\cxx-framework\src\traditional\proc\p18f66j11.asm
                   ODCON3   0x000fcd       data     extern E:\3.46\pic18-lt\cxx-framework\src\traditional\proc\p18f66j11.asm
               ODCON3bits   0x000fcd       data     extern E:\3.46\pic18-lt\cxx-framework\src\traditional\proc\p18f66j11.asm
                   OSCCON   0x000fd3       data     extern E:\3.46\pic18-lt\cxx-framework\src\traditional\proc\p18f66j11.asm
               OSCCONbits   0x000fd3       data     extern E:\3.46\pic18-lt\cxx-framework\src\traditional\proc\p18f66j11.asm
                  OSCTUNE   0x000f9b       data     extern E:\3.46\pic18-lt\cxx-framework\src\traditional\proc\p18f66j11.asm
              OSCTUNEbits   0x000f9b       data     extern E:\3.46\pic18-lt\cxx-framework\src\traditional\proc\p18f66j11.asm
                  PADCFG1   0x000fcc       data     extern E:\3.46\pic18-lt\cxx-framework\src\traditional\proc\p18f66j11.asm
              PADCFG1bits   0x000fcc       data     extern E:\3.46\pic18-lt\cxx-framework\src\traditional\proc\p18f66j11.asm
                       PC   0x000ff9       data     extern E:\3.46\pic18-lt\cxx-framework\src\traditional\proc\p18f66j11.asm
                      PCL   0x000ff9       data     extern E:\3.46\pic18-lt\cxx-framework\src\traditional\proc\p18f66j11.asm
                   PCLATH   0x000ffa       data     extern E:\3.46\pic18-lt\cxx-framework\src\traditional\proc\p18f66j11.asm
                   PCLATU   0x000ffb       data     extern E:\3.46\pic18-lt\cxx-framework\src\traditional\proc\p18f66j11.asm
                     PIE1   0x000f9d       data     extern E:\3.46\pic18-lt\cxx-framework\src\traditional\proc\p18f66j11.asm
                 PIE1bits   0x000f9d       data     extern E:\3.46\pic18-lt\cxx-framework\src\traditional\proc\p18f66j11.asm
                     PIE2   0x000fa0       data     extern E:\3.46\pic18-lt\cxx-framework\src\traditional\proc\p18f66j11.asm
                 PIE2bits   0x000fa0       data     extern E:\3.46\pic18-lt\cxx-framework\src\traditional\proc\p18f66j11.asm
                     PIE3   0x000fa3       data     extern E:\3.46\pic18-lt\cxx-framework\src\traditional\proc\p18f66j11.asm
                 PIE3bits   0x000fa3       data     extern E:\3.46\pic18-lt\cxx-framework\src\traditional\proc\p18f66j11.asm
                     PIR1   0x000f9e       data     extern E:\3.46\pic18-lt\cxx-framework\src\traditional\proc\p18f66j11.asm
                 PIR1bits   0x000f9e       data     extern E:\3.46\pic18-lt\cxx-framework\src\traditional\proc\p18f66j11.asm
                     PIR2   0x000fa1       data     extern E:\3.46\pic18-lt\cxx-framework\src\traditional\proc\p18f66j11.asm
                 PIR2bits   0x000fa1       data     extern E:\3.46\pic18-lt\cxx-framework\src\traditional\proc\p18f66j11.asm
                     PIR3   0x000fa4       data     extern E:\3.46\pic18-lt\cxx-framework\src\traditional\proc\p18f66j11.asm
                 PIR3bits   0x000fa4       data     extern E:\3.46\pic18-lt\cxx-framework\src\traditional\proc\p18f66j11.asm
                   PLUSW0   0x000feb       data     extern E:\3.46\pic18-lt\cxx-framework\src\traditional\proc\p18f66j11.asm
                   PLUSW1   0x000fe3       data     extern E:\3.46\pic18-lt\cxx-framework\src\traditional\proc\p18f66j11.asm
                   PLUSW2   0x000fdb       data     extern E:\3.46\pic18-lt\cxx-framework\src\traditional\proc\p18f66j11.asm
                   PMADDR   0x000f68       data     extern E:\3.46\pic18-lt\cxx-framework\src\traditional\proc\p18f66j11.asm
                  PMADDRH   0x000f69       data     extern E:\3.46\pic18-lt\cxx-framework\src\traditional\proc\p18f66j11.asm
              PMADDRHbits   0x000f69       data     extern E:\3.46\pic18-lt\cxx-framework\src\traditional\proc\p18f66j11.asm
                  PMADDRL   0x000f68       data     extern E:\3.46\pic18-lt\cxx-framework\src\traditional\proc\p18f66j11.asm
                    PMCON   0x000f64       data     extern E:\3.46\pic18-lt\cxx-framework\src\traditional\proc\p18f66j11.asm
                   PMCONH   0x000f65       data     extern E:\3.46\pic18-lt\cxx-framework\src\traditional\proc\p18f66j11.asm
               PMCONHbits   0x000f65       data     extern E:\3.46\pic18-lt\cxx-framework\src\traditional\proc\p18f66j11.asm
                   PMCONL   0x000f64       data     extern E:\3.46\pic18-lt\cxx-framework\src\traditional\proc\p18f66j11.asm
               PMCONLbits   0x000f64       data     extern E:\3.46\pic18-lt\cxx-framework\src\traditional\proc\p18f66j11.asm
                   PMDIN1   0x000f66       data     extern E:\3.46\pic18-lt\cxx-framework\src\traditional\proc\p18f66j11.asm
                  PMDIN1H   0x000f67       data     extern E:\3.46\pic18-lt\cxx-framework\src\traditional\proc\p18f66j11.asm
                  PMDIN1L   0x000f66       data     extern E:\3.46\pic18-lt\cxx-framework\src\traditional\proc\p18f66j11.asm
                   PMDIN2   0x000f5e       data     extern E:\3.46\pic18-lt\cxx-framework\src\traditional\proc\p18f66j11.asm
                  PMDIN2H   0x000f5f       data     extern E:\3.46\pic18-lt\cxx-framework\src\traditional\proc\p18f66j11.asm
                  PMDIN2L   0x000f5e       data     extern E:\3.46\pic18-lt\cxx-framework\src\traditional\proc\p18f66j11.asm
                  PMDOUT1   0x000f68       data     extern E:\3.46\pic18-lt\cxx-framework\src\traditional\proc\p18f66j11.asm
                 PMDOUT1H   0x000f69       data     extern E:\3.46\pic18-lt\cxx-framework\src\traditional\proc\p18f66j11.asm
                 PMDOUT1L   0x000f68       data     extern E:\3.46\pic18-lt\cxx-framework\src\traditional\proc\p18f66j11.asm
                  PMDOUT2   0x000f60       data     extern E:\3.46\pic18-lt\cxx-framework\src\traditional\proc\p18f66j11.asm
                 PMDOUT2H   0x000f61       data     extern E:\3.46\pic18-lt\cxx-framework\src\traditional\proc\p18f66j11.asm
                 PMDOUT2L   0x000f60       data     extern E:\3.46\pic18-lt\cxx-framework\src\traditional\proc\p18f66j11.asm
                     PMEH   0x000f5d       data     extern E:\3.46\pic18-lt\cxx-framework\src\traditional\proc\p18f66j11.asm
                 PMEHbits   0x000f5d       data     extern E:\3.46\pic18-lt\cxx-framework\src\traditional\proc\p18f66j11.asm
                     PMEL   0x000f5c       data     extern E:\3.46\pic18-lt\cxx-framework\src\traditional\proc\p18f66j11.asm
                 PMELbits   0x000f5c       data     extern E:\3.46\pic18-lt\cxx-framework\src\traditional\proc\p18f66j11.asm
                     PMEN   0x000f5c       data     extern E:\3.46\pic18-lt\cxx-framework\src\traditional\proc\p18f66j11.asm
                   PMMODE   0x000f62       data     extern E:\3.46\pic18-lt\cxx-framework\src\traditional\proc\p18f66j11.asm
                  PMMODEH   0x000f63       data     extern E:\3.46\pic18-lt\cxx-framework\src\traditional\proc\p18f66j11.asm
              PMMODEHbits   0x000f63       data     extern E:\3.46\pic18-lt\cxx-framework\src\traditional\proc\p18f66j11.asm
                  PMMODEL   0x000f62       data     extern E:\3.46\pic18-lt\cxx-framework\src\traditional\proc\p18f66j11.asm
              PMMODELbits   0x000f62       data     extern E:\3.46\pic18-lt\cxx-framework\src\traditional\proc\p18f66j11.asm
                   PMSTAT   0x000f5a       data     extern E:\3.46\pic18-lt\cxx-framework\src\traditional\proc\p18f66j11.asm
                  PMSTATH   0x000f5b       data     extern E:\3.46\pic18-lt\cxx-framework\src\traditional\proc\p18f66j11.asm
              PMSTATHbits   0x000f5b       data     extern E:\3.46\pic18-lt\cxx-framework\src\traditional\proc\p18f66j11.asm
                  PMSTATL   0x000f5a       data     extern E:\3.46\pic18-lt\cxx-framework\src\traditional\proc\p18f66j11.asm
              PMSTATLbits   0x000f5a       data     extern E:\3.46\pic18-lt\cxx-framework\src\traditional\proc\p18f66j11.asm
                    PORTA   0x000f80       data     extern E:\3.46\pic18-lt\cxx-framework\src\traditional\proc\p18f66j11.asm
                PORTAbits   0x000f80       data     extern E:\3.46\pic18-lt\cxx-framework\src\traditional\proc\p18f66j11.asm
                    PORTB   0x000f81       data     extern E:\3.46\pic18-lt\cxx-framework\src\traditional\proc\p18f66j11.asm
                PORTBbits   0x000f81       data     extern E:\3.46\pic18-lt\cxx-framework\src\traditional\proc\p18f66j11.asm
                    PORTC   0x000f82       data     extern E:\3.46\pic18-lt\cxx-framework\src\traditional\proc\p18f66j11.asm
                PORTCbits   0x000f82       data     extern E:\3.46\pic18-lt\cxx-framework\src\traditional\proc\p18f66j11.asm
                    PORTD   0x000f83       data     extern E:\3.46\pic18-lt\cxx-framework\src\traditional\proc\p18f66j11.asm
                PORTDbits   0x000f83       data     extern E:\3.46\pic18-lt\cxx-framework\src\traditional\proc\p18f66j11.asm
                    PORTE   0x000f84       data     extern E:\3.46\pic18-lt\cxx-framework\src\traditional\proc\p18f66j11.asm
                PORTEbits   0x000f84       data     extern E:\3.46\pic18-lt\cxx-framework\src\traditional\proc\p18f66j11.asm
                    PORTF   0x000f85       data     extern E:\3.46\pic18-lt\cxx-framework\src\traditional\proc\p18f66j11.asm
                PORTFbits   0x000f85       data     extern E:\3.46\pic18-lt\cxx-framework\src\traditional\proc\p18f66j11.asm
                    PORTG   0x000f86       data     extern E:\3.46\pic18-lt\cxx-framework\src\traditional\proc\p18f66j11.asm
                PORTGbits   0x000f86       data     extern E:\3.46\pic18-lt\cxx-framework\src\traditional\proc\p18f66j11.asm
                 POSTDEC0   0x000fed       data     extern E:\3.46\pic18-lt\cxx-framework\src\traditional\proc\p18f66j11.asm
                 POSTDEC1   0x000fe5       data     extern E:\3.46\pic18-lt\cxx-framework\src\traditional\proc\p18f66j11.asm
                 POSTDEC2   0x000fdd       data     extern E:\3.46\pic18-lt\cxx-framework\src\traditional\proc\p18f66j11.asm
                 POSTINC0   0x000fee       data     extern E:\3.46\pic18-lt\cxx-framework\src\traditional\proc\p18f66j11.asm
                 POSTINC1   0x000fe6       data     extern E:\3.46\pic18-lt\cxx-framework\src\traditional\proc\p18f66j11.asm
                 POSTINC2   0x000fde       data     extern E:\3.46\pic18-lt\cxx-framework\src\traditional\proc\p18f66j11.asm
                      PR2   0x000fcb       data     extern E:\3.46\pic18-lt\cxx-framework\src\traditional\proc\p18f66j11.asm
                      PR4   0x000f77       data     extern E:\3.46\pic18-lt\cxx-framework\src\traditional\proc\p18f66j11.asm
                  PREINC0   0x000fec       data     extern E:\3.46\pic18-lt\cxx-framework\src\traditional\proc\p18f66j11.asm
                  PREINC1   0x000fe4       data     extern E:\3.46\pic18-lt\cxx-framework\src\traditional\proc\p18f66j11.asm
                  PREINC2   0x000fdc       data     extern E:\3.46\pic18-lt\cxx-framework\src\traditional\proc\p18f66j11.asm
                     PROD   0x000ff3       data     extern E:\3.46\pic18-lt\cxx-framework\src\traditional\proc\p18f66j11.asm
                    PRODH   0x000ff4       data     extern E:\3.46\pic18-lt\cxx-framework\src\traditional\proc\p18f66j11.asm
                    PRODL   0x000ff3       data     extern E:\3.46\pic18-lt\cxx-framework\src\traditional\proc\p18f66j11.asm
                     RCON   0x000fd0       data     extern E:\3.46\pic18-lt\cxx-framework\src\traditional\proc\p18f66j11.asm
                 RCONbits   0x000fd0       data     extern E:\3.46\pic18-lt\cxx-framework\src\traditional\proc\p18f66j11.asm
                    RCREG   0x000faf       data     extern E:\3.46\pic18-lt\cxx-framework\src\traditional\proc\p18f66j11.asm
                   RCREG1   0x000faf       data     extern E:\3.46\pic18-lt\cxx-framework\src\traditional\proc\p18f66j11.asm
                   RCREG2   0x000faa       data     extern E:\3.46\pic18-lt\cxx-framework\src\traditional\proc\p18f66j11.asm
                    RCSTA   0x000fac       data     extern E:\3.46\pic18-lt\cxx-framework\src\traditional\proc\p18f66j11.asm
                   RCSTA1   0x000fac       data     extern E:\3.46\pic18-lt\cxx-framework\src\traditional\proc\p18f66j11.asm
               RCSTA1bits   0x000fac       data     extern E:\3.46\pic18-lt\cxx-framework\src\traditional\proc\p18f66j11.asm
                   RCSTA2   0x000f9c       data     extern E:\3.46\pic18-lt\cxx-framework\src\traditional\proc\p18f66j11.asm
               RCSTA2bits   0x000f9c       data     extern E:\3.46\pic18-lt\cxx-framework\src\traditional\proc\p18f66j11.asm
                RCSTAbits   0x000fac       data     extern E:\3.46\pic18-lt\cxx-framework\src\traditional\proc\p18f66j11.asm
                  REFOCON   0x000fd3       data     extern E:\3.46\pic18-lt\cxx-framework\src\traditional\proc\p18f66j11.asm
              REFOCONbits   0x000fd3       data     extern E:\3.46\pic18-lt\cxx-framework\src\traditional\proc\p18f66j11.asm
                     SIGN   0x000000       data     extern E:\3.46\pic18-lt\cxx-framework\src\traditional\math\cmath18.asm
                    SPBRG   0x000fb0       data     extern E:\3.46\pic18-lt\cxx-framework\src\traditional\proc\p18f66j11.asm
                   SPBRG1   0x000fb0       data     extern E:\3.46\pic18-lt\cxx-framework\src\traditional\proc\p18f66j11.asm
                   SPBRG2   0x000fab       data     extern E:\3.46\pic18-lt\cxx-framework\src\traditional\proc\p18f66j11.asm
                  SPBRGH1   0x000f7f       data     extern E:\3.46\pic18-lt\cxx-framework\src\traditional\proc\p18f66j11.asm
                  SPBRGH2   0x000f7d       data     extern E:\3.46\pic18-lt\cxx-framework\src\traditional\proc\p18f66j11.asm
                  SSP1ADD   0x000fc8       data     extern E:\3.46\pic18-lt\cxx-framework\src\traditional\proc\p18f66j11.asm
                  SSP1BUF   0x000fc9       data     extern E:\3.46\pic18-lt\cxx-framework\src\traditional\proc\p18f66j11.asm
                 SSP1CON1   0x000fc6       data     extern E:\3.46\pic18-lt\cxx-framework\src\traditional\proc\p18f66j11.asm
             SSP1CON1bits   0x000fc6       data     extern E:\3.46\pic18-lt\cxx-framework\src\traditional\proc\p18f66j11.asm
                 SSP1CON2   0x000fc5       data     extern E:\3.46\pic18-lt\cxx-framework\src\traditional\proc\p18f66j11.asm
             SSP1CON2bits   0x000fc5       data     extern E:\3.46\pic18-lt\cxx-framework\src\traditional\proc\p18f66j11.asm
                  SSP1MSK   0x000fc8       data     extern E:\3.46\pic18-lt\cxx-framework\src\traditional\proc\p18f66j11.asm
              SSP1MSKbits   0x000fc8       data     extern E:\3.46\pic18-lt\cxx-framework\src\traditional\proc\p18f66j11.asm
                 SSP1STAT   0x000fc7       data     extern E:\3.46\pic18-lt\cxx-framework\src\traditional\proc\p18f66j11.asm
             SSP1STATbits   0x000fc7       data     extern E:\3.46\pic18-lt\cxx-framework\src\traditional\proc\p18f66j11.asm
                  SSP2ADD   0x000f6e       data     extern E:\3.46\pic18-lt\cxx-framework\src\traditional\proc\p18f66j11.asm
                  SSP2BUF   0x000f6f       data     extern E:\3.46\pic18-lt\cxx-framework\src\traditional\proc\p18f66j11.asm
                 SSP2CON1   0x000f6c       data     extern E:\3.46\pic18-lt\cxx-framework\src\traditional\proc\p18f66j11.asm
             SSP2CON1bits   0x000f6c       data     extern E:\3.46\pic18-lt\cxx-framework\src\traditional\proc\p18f66j11.asm
                 SSP2CON2   0x000f6b       data     extern E:\3.46\pic18-lt\cxx-framework\src\traditional\proc\p18f66j11.asm
             SSP2CON2bits   0x000f6b       data     extern E:\3.46\pic18-lt\cxx-framework\src\traditional\proc\p18f66j11.asm
                  SSP2MSK   0x000f6e       data     extern E:\3.46\pic18-lt\cxx-framework\src\traditional\proc\p18f66j11.asm
              SSP2MSKbits   0x000f6e       data     extern E:\3.46\pic18-lt\cxx-framework\src\traditional\proc\p18f66j11.asm
                 SSP2STAT   0x000f6d       data     extern E:\3.46\pic18-lt\cxx-framework\src\traditional\proc\p18f66j11.asm
             SSP2STATbits   0x000f6d       data     extern E:\3.46\pic18-lt\cxx-framework\src\traditional\proc\p18f66j11.asm
                   SSPADD   0x000fc8       data     extern E:\3.46\pic18-lt\cxx-framework\src\traditional\proc\p18f66j11.asm
                   SSPBUF   0x000fc9       data     extern E:\3.46\pic18-lt\cxx-framework\src\traditional\proc\p18f66j11.asm
                  SSPCON1   0x000fc6       data     extern E:\3.46\pic18-lt\cxx-framework\src\traditional\proc\p18f66j11.asm
              SSPCON1bits   0x000fc6       data     extern E:\3.46\pic18-lt\cxx-framework\src\traditional\proc\p18f66j11.asm
                  SSPCON2   0x000fc5       data     extern E:\3.46\pic18-lt\cxx-framework\src\traditional\proc\p18f66j11.asm
              SSPCON2bits   0x000fc5       data     extern E:\3.46\pic18-lt\cxx-framework\src\traditional\proc\p18f66j11.asm
                  SSPSTAT   0x000fc7       data     extern E:\3.46\pic18-lt\cxx-framework\src\traditional\proc\p18f66j11.asm
              SSPSTATbits   0x000fc7       data     extern E:\3.46\pic18-lt\cxx-framework\src\traditional\proc\p18f66j11.asm
                   STATUS   0x000fd8       data     extern E:\3.46\pic18-lt\cxx-framework\src\traditional\proc\p18f66j11.asm
               STATUSbits   0x000fd8       data     extern E:\3.46\pic18-lt\cxx-framework\src\traditional\proc\p18f66j11.asm
                   STKPTR   0x000ffc       data     extern E:\3.46\pic18-lt\cxx-framework\src\traditional\proc\p18f66j11.asm
               STKPTRbits   0x000ffc       data     extern E:\3.46\pic18-lt\cxx-framework\src\traditional\proc\p18f66j11.asm
                    T0CON   0x000fd5       data     extern E:\3.46\pic18-lt\cxx-framework\src\traditional\proc\p18f66j11.asm
                T0CONbits   0x000fd5       data     extern E:\3.46\pic18-lt\cxx-framework\src\traditional\proc\p18f66j11.asm
                    T1CON   0x000fcd       data     extern E:\3.46\pic18-lt\cxx-framework\src\traditional\proc\p18f66j11.asm
                T1CONbits   0x000fcd       data     extern E:\3.46\pic18-lt\cxx-framework\src\traditional\proc\p18f66j11.asm
                    T2CON   0x000fca       data     extern E:\3.46\pic18-lt\cxx-framework\src\traditional\proc\p18f66j11.asm
                T2CONbits   0x000fca       data     extern E:\3.46\pic18-lt\cxx-framework\src\traditional\proc\p18f66j11.asm
                    T3CON   0x000f79       data     extern E:\3.46\pic18-lt\cxx-framework\src\traditional\proc\p18f66j11.asm
                T3CONbits   0x000f79       data     extern E:\3.46\pic18-lt\cxx-framework\src\traditional\proc\p18f66j11.asm
                    T4CON   0x000f76       data     extern E:\3.46\pic18-lt\cxx-framework\src\traditional\proc\p18f66j11.asm
                T4CONbits   0x000f76       data     extern E:\3.46\pic18-lt\cxx-framework\src\traditional\proc\p18f66j11.asm
                   TABLAT   0x000ff5       data     extern E:\3.46\pic18-lt\cxx-framework\src\traditional\proc\p18f66j11.asm
                   TBLPTR   0x000ff6       data     extern E:\3.46\pic18-lt\cxx-framework\src\traditional\proc\p18f66j11.asm
                  TBLPTRH   0x000ff7       data     extern E:\3.46\pic18-lt\cxx-framework\src\traditional\proc\p18f66j11.asm
                  TBLPTRL   0x000ff6       data     extern E:\3.46\pic18-lt\cxx-framework\src\traditional\proc\p18f66j11.asm
                  TBLPTRU   0x000ff8       data     extern E:\3.46\pic18-lt\cxx-framework\src\traditional\proc\p18f66j11.asm
                    TMR0H   0x000fd7       data     extern E:\3.46\pic18-lt\cxx-framework\src\traditional\proc\p18f66j11.asm
                    TMR0L   0x000fd6       data     extern E:\3.46\pic18-lt\cxx-framework\src\traditional\proc\p18f66j11.asm
                    TMR1H   0x000fcf       data     extern E:\3.46\pic18-lt\cxx-framework\src\traditional\proc\p18f66j11.asm
                    TMR1L   0x000fce       data     extern E:\3.46\pic18-lt\cxx-framework\src\traditional\proc\p18f66j11.asm
                     TMR2   0x000fcc       data     extern E:\3.46\pic18-lt\cxx-framework\src\traditional\proc\p18f66j11.asm
                    TMR3H   0x000f7b       data     extern E:\3.46\pic18-lt\cxx-framework\src\traditional\proc\p18f66j11.asm
                    TMR3L   0x000f7a       data     extern E:\3.46\pic18-lt\cxx-framework\src\traditional\proc\p18f66j11.asm
                     TMR4   0x000f78       data     extern E:\3.46\pic18-lt\cxx-framework\src\traditional\proc\p18f66j11.asm
                      TOS   0x000ffd       data     extern E:\3.46\pic18-lt\cxx-framework\src\traditional\proc\p18f66j11.asm
                     TOSH   0x000ffe       data     extern E:\3.46\pic18-lt\cxx-framework\src\traditional\proc\p18f66j11.asm
                     TOSL   0x000ffd       data     extern E:\3.46\pic18-lt\cxx-framework\src\traditional\proc\p18f66j11.asm
                     TOSU   0x000fff       data     extern E:\3.46\pic18-lt\cxx-framework\src\traditional\proc\p18f66j11.asm
                    TRISA   0x000f92       data     extern E:\3.46\pic18-lt\cxx-framework\src\traditional\proc\p18f66j11.asm
                TRISAbits   0x000f92       data     extern E:\3.46\pic18-lt\cxx-framework\src\traditional\proc\p18f66j11.asm
                    TRISB   0x000f93       data     extern E:\3.46\pic18-lt\cxx-framework\src\traditional\proc\p18f66j11.asm
                TRISBbits   0x000f93       data     extern E:\3.46\pic18-lt\cxx-framework\src\traditional\proc\p18f66j11.asm
                    TRISC   0x000f94       data     extern E:\3.46\pic18-lt\cxx-framework\src\traditional\proc\p18f66j11.asm
                TRISCbits   0x000f94       data     extern E:\3.46\pic18-lt\cxx-framework\src\traditional\proc\p18f66j11.asm
                    TRISD   0x000f95       data     extern E:\3.46\pic18-lt\cxx-framework\src\traditional\proc\p18f66j11.asm
                TRISDbits   0x000f95       data     extern E:\3.46\pic18-lt\cxx-framework\src\traditional\proc\p18f66j11.asm
                    TRISE   0x000f96       data     extern E:\3.46\pic18-lt\cxx-framework\src\traditional\proc\p18f66j11.asm
                TRISEbits   0x000f96       data     extern E:\3.46\pic18-lt\cxx-framework\src\traditional\proc\p18f66j11.asm
                    TRISF   0x000f97       data     extern E:\3.46\pic18-lt\cxx-framework\src\traditional\proc\p18f66j11.asm
                TRISFbits   0x000f97       data     extern E:\3.46\pic18-lt\cxx-framework\src\traditional\proc\p18f66j11.asm
                    TRISG   0x000f98       data     extern E:\3.46\pic18-lt\cxx-framework\src\traditional\proc\p18f66j11.asm
                TRISGbits   0x000f98       data     extern E:\3.46\pic18-lt\cxx-framework\src\traditional\proc\p18f66j11.asm
                    TXREG   0x000fae       data     extern E:\3.46\pic18-lt\cxx-framework\src\traditional\proc\p18f66j11.asm
                   TXREG1   0x000fae       data     extern E:\3.46\pic18-lt\cxx-framework\src\traditional\proc\p18f66j11.asm
                   TXREG2   0x000fa9       data     extern E:\3.46\pic18-lt\cxx-framework\src\traditional\proc\p18f66j11.asm
                    TXSTA   0x000fad       data     extern E:\3.46\pic18-lt\cxx-framework\src\traditional\proc\p18f66j11.asm
                   TXSTA1   0x000fad       data     extern E:\3.46\pic18-lt\cxx-framework\src\traditional\proc\p18f66j11.asm
               TXSTA1bits   0x000fad       data     extern E:\3.46\pic18-lt\cxx-framework\src\traditional\proc\p18f66j11.asm
                   TXSTA2   0x000fa8       data     extern E:\3.46\pic18-lt\cxx-framework\src\traditional\proc\p18f66j11.asm
               TXSTA2bits   0x000fa8       data     extern E:\3.46\pic18-lt\cxx-framework\src\traditional\proc\p18f66j11.asm
                TXSTAbits   0x000fad       data     extern E:\3.46\pic18-lt\cxx-framework\src\traditional\proc\p18f66j11.asm
            USART1_Status   0x0000f7       data     extern E:\3.46\pic18-lt\cxx-framework\src\pmc_common\USART\u1defs.c
            USART2_Status   0x0000f6       data     extern E:\3.46\pic18-lt\cxx-framework\src\pmc_common\USART\u2defs.c
                   WDTCON   0x000fc0       data     extern E:\3.46\pic18-lt\cxx-framework\src\traditional\proc\p18f66j11.asm
               WDTCONbits   0x000fc0       data     extern E:\3.46\pic18-lt\cxx-framework\src\traditional\proc\p18f66j11.asm
                     WREG   0x000fe8       data     extern E:\3.46\pic18-lt\cxx-framework\src\traditional\proc\p18f66j11.asm
                __FPFLAGS   0x000001       data     extern E:\3.46\pic18-lt\cxx-framework\src\traditional\math\cmath18.asm
            __FPFLAGSbits   0x000001       data     extern E:\3.46\pic18-lt\cxx-framework\src\traditional\math\cmath18.asm
                  __tmp_0   0x000002       data     static E:\3.46\pic18-lt\cxx-framework\src\pmc_common\PWM\pw5setdc.c
                  __tmp_0   0x000002       data     static E:\3.46\pic18-lt\cxx-framework\src\pmc_common\PWM\pw1setoc.c
                  __tmp_0   0x000002       data     static E:\3.46\pic18-lt\cxx-framework\src\pmc_common\PWM\pw4setdc.c
                  __tmp_0   0x000002       data     static E:\3.46\pic18-lt\cxx-framework\src\pmc_common\PWM\pw3setdc.c
                  __tmp_0   0x000002       data     static E:\3.46\pic18-lt\cxx-framework\src\pmc_common\PWM\pw2setdc.c
                  __tmp_0   0x000002       data     static E:\3.46\pic18-lt\cxx-framework\src\pmc_common\PWM\pw1setdc.c
                  __tmp_0   0x000002       data     static C:\Users\eldar\Desktop\LINIJA 2 Mikser sirovine\fw\v1.04\CuC.X\main.c
                  __tmp_0   0x000002       data     static C:\Users\eldar\Desktop\LINIJA 2 Mikser sirovine\fw\v1.04\CuC.X\digital_input.c
                  __tmp_0   0x000002       data     static E:\3.46\pic18-lt\cxx-framework\src\pmc_common\PWM\pw2setoc.c
                  __tmp_0   0x000002       data     static E:\3.46\pic18-lt\cxx-framework\src\pmc_common\PWM\pw3setoc.c
                  __tmp_0   0x000002       data     static C:\Users\eldar\Desktop\LINIJA 2 Mikser sirovine\fw\v1.04\CuC.X\analog_output.c
                  __tmp_0   0x000002       data     static C:\Users\eldar\Desktop\LINIJA 2 Mikser sirovine\fw\v1.04\CuC.X\control_comm.c
                  __tmp_0   0x000002       data     static C:\Users\eldar\Desktop\LINIJA 2 Mikser sirovine\fw\v1.04\CuC.X\i2c.c
               activ_unit   0x000161       data     extern C:\Users\eldar\Desktop\LINIJA 2 Mikser sirovine\fw\v1.04\CuC.X\process_control.c
                    char1   0x000122       data     extern C:\Users\eldar\Desktop\LINIJA 2 Mikser sirovine\fw\v1.04\CuC.X\main.c
                   char10   0x000123       data     extern C:\Users\eldar\Desktop\LINIJA 2 Mikser sirovine\fw\v1.04\CuC.X\main.c
                  char100   0x000124       data     extern C:\Users\eldar\Desktop\LINIJA 2 Mikser sirovine\fw\v1.04\CuC.X\main.c
         cleaning_air_cyc   0x00018b       data     extern C:\Users\eldar\Desktop\LINIJA 2 Mikser sirovine\fw\v1.04\CuC.X\process_control.c
     cleaning_air_cyc_cnt   0x000195       data     extern C:\Users\eldar\Desktop\LINIJA 2 Mikser sirovine\fw\v1.04\CuC.X\process_control.c
        cleaning_air_time   0x000193       data     extern C:\Users\eldar\Desktop\LINIJA 2 Mikser sirovine\fw\v1.04\CuC.X\process_control.c
         cleaning_air_tmr   0x000189       data     extern C:\Users\eldar\Desktop\LINIJA 2 Mikser sirovine\fw\v1.04\CuC.X\process_control.c
                   clk_1s   0x000180       data     extern C:\Users\eldar\Desktop\LINIJA 2 Mikser sirovine\fw\v1.04\CuC.X\process_control.c
             comm_cyc_cnt   0x00010c       data     extern C:\Users\eldar\Desktop\LINIJA 2 Mikser sirovine\fw\v1.04\CuC.X\main.c
            comm_svc_pcnt   0x000108       data     extern C:\Users\eldar\Desktop\LINIJA 2 Mikser sirovine\fw\v1.04\CuC.X\main.c
                 control1   0x000156       data     extern C:\Users\eldar\Desktop\LINIJA 2 Mikser sirovine\fw\v1.04\CuC.X\main.c
           control_flags1   0x0001cf       data     extern C:\Users\eldar\Desktop\LINIJA 2 Mikser sirovine\fw\v1.04\CuC.X\process_control.c
             control_time   0x0001bd       data     extern C:\Users\eldar\Desktop\LINIJA 2 Mikser sirovine\fw\v1.04\CuC.X\process_control.c
              control_tmr   0x0001b7       data     extern C:\Users\eldar\Desktop\LINIJA 2 Mikser sirovine\fw\v1.04\CuC.X\process_control.c
                  cp_pcnt   0x00017f       data     extern C:\Users\eldar\Desktop\LINIJA 2 Mikser sirovine\fw\v1.04\CuC.X\process_control.c
        ctrl_comm_address   0x000064       data     extern C:\Users\eldar\Desktop\LINIJA 2 Mikser sirovine\fw\v1.04\CuC.X\control_comm.c
        ctrl_comm_err_cnt   0x000088       data     extern C:\Users\eldar\Desktop\LINIJA 2 Mikser sirovine\fw\v1.04\CuC.X\control_comm.c
         ctrl_comm_flags1   0x000095       data     extern C:\Users\eldar\Desktop\LINIJA 2 Mikser sirovine\fw\v1.04\CuC.X\control_comm.c
         ctrl_comm_flags2   0x000096       data     extern C:\Users\eldar\Desktop\LINIJA 2 Mikser sirovine\fw\v1.04\CuC.X\control_comm.c
         ctrl_comm_rx_tmr   0x00008a       data     extern C:\Users\eldar\Desktop\LINIJA 2 Mikser sirovine\fw\v1.04\CuC.X\control_comm.c
    ctrl_comm_timeout_tmr   0x000089       data     extern C:\Users\eldar\Desktop\LINIJA 2 Mikser sirovine\fw\v1.04\CuC.X\control_comm.c
             ctrl_rx_buff   0x000067       data     extern C:\Users\eldar\Desktop\LINIJA 2 Mikser sirovine\fw\v1.04\CuC.X\control_comm.c
           ctrl_rx_lenght   0x000060       data     extern C:\Users\eldar\Desktop\LINIJA 2 Mikser sirovine\fw\v1.04\CuC.X\control_comm.c
             ctrl_rx_pcnt   0x000066       data     extern C:\Users\eldar\Desktop\LINIJA 2 Mikser sirovine\fw\v1.04\CuC.X\control_comm.c
              ctrl_rx_tmp   0x000062       data     extern C:\Users\eldar\Desktop\LINIJA 2 Mikser sirovine\fw\v1.04\CuC.X\control_comm.c
[...]
               TXSTA1bits   0x000fad       data     extern E:\3.46\pic18-lt\cxx-framework\src\traditional\proc\p18f66j11.asm
                TXSTAbits   0x000fad       data     extern E:\3.46\pic18-lt\cxx-framework\src\traditional\proc\p18f66j11.asm
                    TXREG   0x000fae       data     extern E:\3.46\pic18-lt\cxx-framework\src\traditional\proc\p18f66j11.asm
                   TXREG1   0x000fae       data     extern E:\3.46\pic18-lt\cxx-framework\src\traditional\proc\p18f66j11.asm
                    RCREG   0x000faf       data     extern E:\3.46\pic18-lt\cxx-framework\src\traditional\proc\p18f66j11.asm
                   RCREG1   0x000faf       data     extern E:\3.46\pic18-lt\cxx-framework\src\traditional\proc\p18f66j11.asm
                    SPBRG   0x000fb0       data     extern E:\3.46\pic18-lt\cxx-framework\src\traditional\proc\p18f66j11.asm
                   SPBRG1   0x000fb0       data     extern E:\3.46\pic18-lt\cxx-framework\src\traditional\proc\p18f66j11.asm
              CCP3CONbits   0x000fb1       data     extern E:\3.46\pic18-lt\cxx-framework\src\traditional\proc\p18f66j11.asm
                  CCP3CON   0x000fb1       data     extern E:\3.46\pic18-lt\cxx-framework\src\traditional\proc\p18f66j11.asm
                 ECCP3CON   0x000fb1       data     extern E:\3.46\pic18-lt\cxx-framework\src\traditional\proc\p18f66j11.asm
             ECCP3CONbits   0x000fb1       data     extern E:\3.46\pic18-lt\cxx-framework\src\traditional\proc\p18f66j11.asm
                    CCPR3   0x000fb2       data     extern E:\3.46\pic18-lt\cxx-framework\src\traditional\proc\p18f66j11.asm
                   CCPR3L   0x000fb2       data     extern E:\3.46\pic18-lt\cxx-framework\src\traditional\proc\p18f66j11.asm
                   CCPR3H   0x000fb3       data     extern E:\3.46\pic18-lt\cxx-framework\src\traditional\proc\p18f66j11.asm
                 ECCP3DEL   0x000fb4       data     extern E:\3.46\pic18-lt\cxx-framework\src\traditional\proc\p18f66j11.asm
             ECCP3DELbits   0x000fb4       data     extern E:\3.46\pic18-lt\cxx-framework\src\traditional\proc\p18f66j11.asm
              ECCP3ASbits   0x000fb5       data     extern E:\3.46\pic18-lt\cxx-framework\src\traditional\proc\p18f66j11.asm
                  ECCP3AS   0x000fb5       data     extern E:\3.46\pic18-lt\cxx-framework\src\traditional\proc\p18f66j11.asm
              CCP2CONbits   0x000fb6       data     extern E:\3.46\pic18-lt\cxx-framework\src\traditional\proc\p18f66j11.asm
                  CCP2CON   0x000fb6       data     extern E:\3.46\pic18-lt\cxx-framework\src\traditional\proc\p18f66j11.asm
             ECCP2CONbits   0x000fb6       data     extern E:\3.46\pic18-lt\cxx-framework\src\traditional\proc\p18f66j11.asm
                 ECCP2CON   0x000fb6       data     extern E:\3.46\pic18-lt\cxx-framework\src\traditional\proc\p18f66j11.asm
                   CCPR2L   0x000fb7       data     extern E:\3.46\pic18-lt\cxx-framework\src\traditional\proc\p18f66j11.asm
                    CCPR2   0x000fb7       data     extern E:\3.46\pic18-lt\cxx-framework\src\traditional\proc\p18f66j11.asm
                   CCPR2H   0x000fb8       data     extern E:\3.46\pic18-lt\cxx-framework\src\traditional\proc\p18f66j11.asm
             ECCP2DELbits   0x000fb9       data     extern E:\3.46\pic18-lt\cxx-framework\src\traditional\proc\p18f66j11.asm
                 ECCP2DEL   0x000fb9       data     extern E:\3.46\pic18-lt\cxx-framework\src\traditional\proc\p18f66j11.asm
              ECCP2ASbits   0x000fba       data     extern E:\3.46\pic18-lt\cxx-framework\src\traditional\proc\p18f66j11.asm
                  ECCP2AS   0x000fba       data     extern E:\3.46\pic18-lt\cxx-framework\src\traditional\proc\p18f66j11.asm
              CCP1CONbits   0x000fbb       data     extern E:\3.46\pic18-lt\cxx-framework\src\traditional\proc\p18f66j11.asm
                  CCP1CON   0x000fbb       data     extern E:\3.46\pic18-lt\cxx-framework\src\traditional\proc\p18f66j11.asm
             ECCP1CONbits   0x000fbb       data     extern E:\3.46\pic18-lt\cxx-framework\src\traditional\proc\p18f66j11.asm
                 ECCP1CON   0x000fbb       data     extern E:\3.46\pic18-lt\cxx-framework\src\traditional\proc\p18f66j11.asm
                    CCPR1   0x000fbc       data     extern E:\3.46\pic18-lt\cxx-framework\src\traditional\proc\p18f66j11.asm
                   CCPR1L   0x000fbc       data     extern E:\3.46\pic18-lt\cxx-framework\src\traditional\proc\p18f66j11.asm
                   CCPR1H   0x000fbd       data     extern E:\3.46\pic18-lt\cxx-framework\src\traditional\proc\p18f66j11.asm
                 ECCP1DEL   0x000fbe       data     extern E:\3.46\pic18-lt\cxx-framework\src\traditional\proc\p18f66j11.asm
             ECCP1DELbits   0x000fbe       data     extern E:\3.46\pic18-lt\cxx-framework\src\traditional\proc\p18f66j11.asm
                  ECCP1AS   0x000fbf       data     extern E:\3.46\pic18-lt\cxx-framework\src\traditional\proc\p18f66j11.asm
              ECCP1ASbits   0x000fbf       data     extern E:\3.46\pic18-lt\cxx-framework\src\traditional\proc\p18f66j11.asm
               WDTCONbits   0x000fc0       data     extern E:\3.46\pic18-lt\cxx-framework\src\traditional\proc\p18f66j11.asm
                   WDTCON   0x000fc0       data     extern E:\3.46\pic18-lt\cxx-framework\src\traditional\proc\p18f66j11.asm
               ANCON0bits   0x000fc1       data     extern E:\3.46\pic18-lt\cxx-framework\src\traditional\proc\p18f66j11.asm
                   ANCON0   0x000fc1       data     extern E:\3.46\pic18-lt\cxx-framework\src\traditional\proc\p18f66j11.asm
               ADCON1bits   0x000fc1       data     extern E:\3.46\pic18-lt\cxx-framework\src\traditional\proc\p18f66j11.asm
                   ADCON1   0x000fc1       data     extern E:\3.46\pic18-lt\cxx-framework\src\traditional\proc\p18f66j11.asm
                   ADCON0   0x000fc2       data     extern E:\3.46\pic18-lt\cxx-framework\src\traditional\proc\p18f66j11.asm
               ADCON0bits   0x000fc2       data     extern E:\3.46\pic18-lt\cxx-framework\src\traditional\proc\p18f66j11.asm
               ANCON1bits   0x000fc2       data     extern E:\3.46\pic18-lt\cxx-framework\src\traditional\proc\p18f66j11.asm
                   ANCON1   0x000fc2       data     extern E:\3.46\pic18-lt\cxx-framework\src\traditional\proc\p18f66j11.asm
                    ADRES   0x000fc3       data     extern E:\3.46\pic18-lt\cxx-framework\src\traditional\proc\p18f66j11.asm
                   ADRESL   0x000fc3       data     extern E:\3.46\pic18-lt\cxx-framework\src\traditional\proc\p18f66j11.asm
                   ADRESH   0x000fc4       data     extern E:\3.46\pic18-lt\cxx-framework\src\traditional\proc\p18f66j11.asm
                 SSP1CON2   0x000fc5       data     extern E:\3.46\pic18-lt\cxx-framework\src\traditional\proc\p18f66j11.asm
             SSP1CON2bits   0x000fc5       data     extern E:\3.46\pic18-lt\cxx-framework\src\traditional\proc\p18f66j11.asm
                  SSPCON2   0x000fc5       data     extern E:\3.46\pic18-lt\cxx-framework\src\traditional\proc\p18f66j11.asm
              SSPCON2bits   0x000fc5       data     extern E:\3.46\pic18-lt\cxx-framework\src\traditional\proc\p18f66j11.asm
                  SSPCON1   0x000fc6       data     extern E:\3.46\pic18-lt\cxx-framework\src\traditional\proc\p18f66j11.asm
              SSPCON1bits   0x000fc6       data     extern E:\3.46\pic18-lt\cxx-framework\src\traditional\proc\p18f66j11.asm
             SSP1CON1bits   0x000fc6       data     extern E:\3.46\pic18-lt\cxx-framework\src\traditional\proc\p18f66j11.asm
                 SSP1CON1   0x000fc6       data     extern E:\3.46\pic18-lt\cxx-framework\src\traditional\proc\p18f66j11.asm
                 SSP1STAT   0x000fc7       data     extern E:\3.46\pic18-lt\cxx-framework\src\traditional\proc\p18f66j11.asm
             SSP1STATbits   0x000fc7       data     extern E:\3.46\pic18-lt\cxx-framework\src\traditional\proc\p18f66j11.asm
              SSPSTATbits   0x000fc7       data     extern E:\3.46\pic18-lt\cxx-framework\src\traditional\proc\p18f66j11.asm
                  SSPSTAT   0x000fc7       data     extern E:\3.46\pic18-lt\cxx-framework\src\traditional\proc\p18f66j11.asm
                  SSP1MSK   0x000fc8       data     extern E:\3.46\pic18-lt\cxx-framework\src\traditional\proc\p18f66j11.asm
              SSP1MSKbits   0x000fc8       data     extern E:\3.46\pic18-lt\cxx-framework\src\traditional\proc\p18f66j11.asm
                   SSPADD   0x000fc8       data     extern E:\3.46\pic18-lt\cxx-framework\src\traditional\proc\p18f66j11.asm
                  SSP1ADD   0x000fc8       data     extern E:\3.46\pic18-lt\cxx-framework\src\traditional\proc\p18f66j11.asm
                   SSPBUF   0x000fc9       data     extern E:\3.46\pic18-lt\cxx-framework\src\traditional\proc\p18f66j11.asm
                  SSP1BUF   0x000fc9       data     extern E:\3.46\pic18-lt\cxx-framework\src\traditional\proc\p18f66j11.asm
                T2CONbits   0x000fca       data     extern E:\3.46\pic18-lt\cxx-framework\src\traditional\proc\p18f66j11.asm
                    T2CON   0x000fca       data     extern E:\3.46\pic18-lt\cxx-framework\src\traditional\proc\p18f66j11.asm
                      PR2   0x000fcb       data     extern E:\3.46\pic18-lt\cxx-framework\src\traditional\proc\p18f66j11.asm
                  PADCFG1   0x000fcc       data     extern E:\3.46\pic18-lt\cxx-framework\src\traditional\proc\p18f66j11.asm
              PADCFG1bits   0x000fcc       data     extern E:\3.46\pic18-lt\cxx-framework\src\traditional\proc\p18f66j11.asm
                     TMR2   0x000fcc       data     extern E:\3.46\pic18-lt\cxx-framework\src\traditional\proc\p18f66j11.asm
               ODCON3bits   0x000fcd       data     extern E:\3.46\pic18-lt\cxx-framework\src\traditional\proc\p18f66j11.asm
                   ODCON3   0x000fcd       data     extern E:\3.46\pic18-lt\cxx-framework\src\traditional\proc\p18f66j11.asm
                    T1CON   0x000fcd       data     extern E:\3.46\pic18-lt\cxx-framework\src\traditional\proc\p18f66j11.asm
                T1CONbits   0x000fcd       data     extern E:\3.46\pic18-lt\cxx-framework\src\traditional\proc\p18f66j11.asm
               ODCON2bits   0x000fce       data     extern E:\3.46\pic18-lt\cxx-framework\src\traditional\proc\p18f66j11.asm
                   ODCON2   0x000fce       data     extern E:\3.46\pic18-lt\cxx-framework\src\traditional\proc\p18f66j11.asm
                    TMR1L   0x000fce       data     extern E:\3.46\pic18-lt\cxx-framework\src\traditional\proc\p18f66j11.asm
                   ODCON1   0x000fcf       data     extern E:\3.46\pic18-lt\cxx-framework\src\traditional\proc\p18f66j11.asm
                    TMR1H   0x000fcf       data     extern E:\3.46\pic18-lt\cxx-framework\src\traditional\proc\p18f66j11.asm
               ODCON1bits   0x000fcf       data     extern E:\3.46\pic18-lt\cxx-framework\src\traditional\proc\p18f66j11.asm
                 RCONbits   0x000fd0       data     extern E:\3.46\pic18-lt\cxx-framework\src\traditional\proc\p18f66j11.asm
                     RCON   0x000fd0       data     extern E:\3.46\pic18-lt\cxx-framework\src\traditional\proc\p18f66j11.asm
                   CM2CON   0x000fd1       data     extern E:\3.46\pic18-lt\cxx-framework\src\traditional\proc\p18f66j11.asm
                  CM2CON1   0x000fd1       data     extern E:\3.46\pic18-lt\cxx-framework\src\traditional\proc\p18f66j11.asm
              CM2CON1bits   0x000fd1       data     extern E:\3.46\pic18-lt\cxx-framework\src\traditional\proc\p18f66j11.asm
               CM2CONbits   0x000fd1       data     extern E:\3.46\pic18-lt\cxx-framework\src\traditional\proc\p18f66j11.asm
               CM1CONbits   0x000fd2       data     extern E:\3.46\pic18-lt\cxx-framework\src\traditional\proc\p18f66j11.asm
              CM1CON1bits   0x000fd2       data     extern E:\3.46\pic18-lt\cxx-framework\src\traditional\proc\p18f66j11.asm
                  CM1CON1   0x000fd2       data     extern E:\3.46\pic18-lt\cxx-framework\src\traditional\proc\p18f66j11.asm
                   CM1CON   0x000fd2       data     extern E:\3.46\pic18-lt\cxx-framework\src\traditional\proc\p18f66j11.asm
               OSCCONbits   0x000fd3       data     extern E:\3.46\pic18-lt\cxx-framework\src\traditional\proc\p18f66j11.asm
                   OSCCON   0x000fd3       data     extern E:\3.46\pic18-lt\cxx-framework\src\traditional\proc\p18f66j11.asm
              REFOCONbits   0x000fd3       data     extern E:\3.46\pic18-lt\cxx-framework\src\traditional\proc\p18f66j11.asm
                  REFOCON   0x000fd3       data     extern E:\3.46\pic18-lt\cxx-framework\src\traditional\proc\p18f66j11.asm
                T0CONbits   0x000fd5       data     extern E:\3.46\pic18-lt\cxx-framework\src\traditional\proc\p18f66j11.asm
                    T0CON   0x000fd5       data     extern E:\3.46\pic18-lt\cxx-framework\src\traditional\proc\p18f66j11.asm
                    TMR0L   0x000fd6       data     extern E:\3.46\pic18-lt\cxx-framework\src\traditional\proc\p18f66j11.asm
                    TMR0H   0x000fd7       data     extern E:\3.46\pic18-lt\cxx-framework\src\traditional\proc\p18f66j11.asm
               STATUSbits   0x000fd8       data     extern E:\3.46\pic18-lt\cxx-framework\src\traditional\proc\p18f66j11.asm
                   STATUS   0x000fd8       data     extern E:\3.46\pic18-lt\cxx-framework\src\traditional\proc\p18f66j11.asm
                    FSR2L   0x000fd9       data     extern E:\3.46\pic18-lt\cxx-framework\src\traditional\proc\p18f66j11.asm
                     FSR2   0x000fd9       data     extern E:\3.46\pic18-lt\cxx-framework\src\traditional\proc\p18f66j11.asm
                    FSR2H   0x000fda       data     extern E:\3.46\pic18-lt\cxx-framework\src\traditional\proc\p18f66j11.asm
                   PLUSW2   0x000fdb       data     extern E:\3.46\pic18-lt\cxx-framework\src\traditional\proc\p18f66j11.asm
                  PREINC2   0x000fdc       data     extern E:\3.46\pic18-lt\cxx-framework\src\traditional\proc\p18f66j11.asm
                 POSTDEC2   0x000fdd       data     extern E:\3.46\pic18-lt\cxx-framework\src\traditional\proc\p18f66j11.asm
                 POSTINC2   0x000fde       data     extern E:\3.46\pic18-lt\cxx-framework\src\traditional\proc\p18f66j11.asm
                    INDF2   0x000fdf       data     extern E:\3.46\pic18-lt\cxx-framework\src\traditional\proc\p18f66j11.asm
                      BSR   0x000fe0       data     extern E:\3.46\pic18-lt\cxx-framework\src\traditional\proc\p18f66j11.asm
                    FSR1L   0x000fe1       data     extern E:\3.46\pic18-lt\cxx-framework\src\traditional\proc\p18f66j11.asm
                     FSR1   0x000fe1       data     extern E:\3.46\pic18-lt\cxx-framework\src\traditional\proc\p18f66j11.asm
                    FSR1H   0x000fe2       data     extern E:\3.46\pic18-lt\cxx-framework\src\traditional\proc\p18f66j11.asm
                   PLUSW1   0x000fe3       data     extern E:\3.46\pic18-lt\cxx-framework\src\traditional\proc\p18f66j11.asm
                  PREINC1   0x000fe4       data     extern E:\3.46\pic18-lt\cxx-framework\src\traditional\proc\p18f66j11.asm
                 POSTDEC1   0x000fe5       data     extern E:\3.46\pic18-lt\cxx-framework\src\traditional\proc\p18f66j11.asm
                 POSTINC1   0x000fe6       data     extern E:\3.46\pic18-lt\cxx-framework\src\traditional\proc\p18f66j11.asm
                    INDF1   0x000fe7       data     extern E:\3.46\pic18-lt\cxx-framework\src\traditional\proc\p18f66j11.asm
                     WREG   0x000fe8       data     extern E:\3.46\pic18-lt\cxx-framework\src\traditional\proc\p18f66j11.asm
                     FSR0   0x000fe9       data     extern E:\3.46\pic18-lt\cxx-framework\src\traditional\proc\p18f66j11.asm
                    FSR0L   0x000fe9       data     extern E:\3.46\pic18-lt\cxx-framework\src\traditional\proc\p18f66j11.asm
                    FSR0H   0x000fea       data     extern E:\3.46\pic18-lt\cxx-framework\src\traditional\proc\p18f66j11.asm
                   PLUSW0   0x000feb       data     extern E:\3.46\pic18-lt\cxx-framework\src\traditional\proc\p18f66j11.asm
                  PREINC0   0x000fec       data     extern E:\3.46\pic18-lt\cxx-framework\src\traditional\proc\p18f66j11.asm
                 POSTDEC0   0x000fed       data     extern E:\3.46\pic18-lt\cxx-framework\src\traditional\proc\p18f66j11.asm
                 POSTINC0   0x000fee       data     extern E:\3.46\pic18-lt\cxx-framework\src\traditional\proc\p18f66j11.asm
                    INDF0   0x000fef       data     extern E:\3.46\pic18-lt\cxx-framework\src\traditional\proc\p18f66j11.asm
                  INTCON3   0x000ff0       data     extern E:\3.46\pic18-lt\cxx-framework\src\traditional\proc\p18f66j11.asm
              INTCON3bits   0x000ff0       data     extern E:\3.46\pic18-lt\cxx-framework\src\traditional\proc\p18f66j11.asm
                  INTCON2   0x000ff1       data     extern E:\3.46\pic18-lt\cxx-framework\src\traditional\proc\p18f66j11.asm
              INTCON2bits   0x000ff1       data     extern E:\3.46\pic18-lt\cxx-framework\src\traditional\proc\p18f66j11.asm
                   INTCON   0x000ff2       data     extern E:\3.46\pic18-lt\cxx-framework\src\traditional\proc\p18f66j11.asm
               INTCONbits   0x000ff2       data     extern E:\3.46\pic18-lt\cxx-framework\src\traditional\proc\p18f66j11.asm
                    PRODL   0x000ff3       data     extern E:\3.46\pic18-lt\cxx-framework\src\traditional\proc\p18f66j11.asm
                     PROD   0x000ff3       data     extern E:\3.46\pic18-lt\cxx-framework\src\traditional\proc\p18f66j11.asm
                    PRODH   0x000ff4       data     extern E:\3.46\pic18-lt\cxx-framework\src\traditional\proc\p18f66j11.asm
                   TABLAT   0x000ff5       data     extern E:\3.46\pic18-lt\cxx-framework\src\traditional\proc\p18f66j11.asm
                   TBLPTR   0x000ff6       data     extern E:\3.46\pic18-lt\cxx-framework\src\traditional\proc\p18f66j11.asm
                  TBLPTRL   0x000ff6       data     extern E:\3.46\pic18-lt\cxx-framework\src\traditional\proc\p18f66j11.asm
                  TBLPTRH   0x000ff7       data     extern E:\3.46\pic18-lt\cxx-framework\src\traditional\proc\p18f66j11.asm
                  TBLPTRU   0x000ff8       data     extern E:\3.46\pic18-lt\cxx-framework\src\traditional\proc\p18f66j11.asm
                      PCL   0x000ff9       data     extern E:\3.46\pic18-lt\cxx-framework\src\traditional\proc\p18f66j11.asm
                       PC   0x000ff9       data     extern E:\3.46\pic18-lt\cxx-framework\src\traditional\proc\p18f66j11.asm
                   PCLATH   0x000ffa       data     extern E:\3.46\pic18-lt\cxx-framework\src\traditional\proc\p18f66j11.asm
                   PCLATU   0x000ffb       data     extern E:\3.46\pic18-lt\cxx-framework\src\traditional\proc\p18f66j11.asm
                   STKPTR   0x000ffc       data     extern E:\3.46\pic18-lt\cxx-framework\src\traditional\proc\p18f66j11.asm
               STKPTRbits   0x000ffc       data     extern E:\3.46\pic18-lt\cxx-framework\src\traditional\proc\p18f66j11.asm
                      TOS   0x000ffd       data     extern E:\3.46\pic18-lt\cxx-framework\src\traditional\proc\p18f66j11.asm
                     TOSL   0x000ffd       data     extern E:\3.46\pic18-lt\cxx-framework\src\traditional\proc\p18f66j11.asm
                     TOSH   0x000ffe       data     extern E:\3.46\pic18-lt\cxx-framework\src\traditional\proc\p18f66j11.asm
                     TOSU   0x000fff       data     extern E:\3.46\pic18-lt\cxx-framework\src\traditional\proc\p18f66j11.asm


